Archive member included to satisfy reference by file (symbol)

C:/ST/STM32CubeIDE_1.14.0/STM32CubeIDE/plugins/com.st.stm32cube.ide.mcu.externaltools.gnu-tools-for-stm32.11.3.rel1.win32_1.1.100.202309141235/tools/bin/../lib/gcc/arm-none-eabi/11.3.1/../../../../arm-none-eabi/lib/thumb/v7e-m+fp/hard\libc_nano.a(libc_a-exit.o)
                              C:/ST/STM32CubeIDE_1.14.0/STM32CubeIDE/plugins/com.st.stm32cube.ide.mcu.externaltools.gnu-tools-for-stm32.11.3.rel1.win32_1.1.100.202309141235/tools/bin/../lib/gcc/arm-none-eabi/11.3.1/../../../../arm-none-eabi/lib/thumb/v7e-m+fp/hard/crt0.o (exit)
C:/ST/STM32CubeIDE_1.14.0/STM32CubeIDE/plugins/com.st.stm32cube.ide.mcu.externaltools.gnu-tools-for-stm32.11.3.rel1.win32_1.1.100.202309141235/tools/bin/../lib/gcc/arm-none-eabi/11.3.1/../../../../arm-none-eabi/lib/thumb/v7e-m+fp/hard\libc_nano.a(libc_a-findfp.o)
                              C:/ST/STM32CubeIDE_1.14.0/STM32CubeIDE/plugins/com.st.stm32cube.ide.mcu.externaltools.gnu-tools-for-stm32.11.3.rel1.win32_1.1.100.202309141235/tools/bin/../lib/gcc/arm-none-eabi/11.3.1/../../../../arm-none-eabi/lib/thumb/v7e-m+fp/hard\libc_nano.a(libc_a-exit.o) (__stdio_exit_handler)
C:/ST/STM32CubeIDE_1.14.0/STM32CubeIDE/plugins/com.st.stm32cube.ide.mcu.externaltools.gnu-tools-for-stm32.11.3.rel1.win32_1.1.100.202309141235/tools/bin/../lib/gcc/arm-none-eabi/11.3.1/../../../../arm-none-eabi/lib/thumb/v7e-m+fp/hard\libc_nano.a(libc_a-fwalk.o)
                              C:/ST/STM32CubeIDE_1.14.0/STM32CubeIDE/plugins/com.st.stm32cube.ide.mcu.externaltools.gnu-tools-for-stm32.11.3.rel1.win32_1.1.100.202309141235/tools/bin/../lib/gcc/arm-none-eabi/11.3.1/../../../../arm-none-eabi/lib/thumb/v7e-m+fp/hard\libc_nano.a(libc_a-findfp.o) (_fwalk_sglue)
C:/ST/STM32CubeIDE_1.14.0/STM32CubeIDE/plugins/com.st.stm32cube.ide.mcu.externaltools.gnu-tools-for-stm32.11.3.rel1.win32_1.1.100.202309141235/tools/bin/../lib/gcc/arm-none-eabi/11.3.1/../../../../arm-none-eabi/lib/thumb/v7e-m+fp/hard\libc_nano.a(libc_a-stdio.o)
                              C:/ST/STM32CubeIDE_1.14.0/STM32CubeIDE/plugins/com.st.stm32cube.ide.mcu.externaltools.gnu-tools-for-stm32.11.3.rel1.win32_1.1.100.202309141235/tools/bin/../lib/gcc/arm-none-eabi/11.3.1/../../../../arm-none-eabi/lib/thumb/v7e-m+fp/hard\libc_nano.a(libc_a-findfp.o) (__sread)
C:/ST/STM32CubeIDE_1.14.0/STM32CubeIDE/plugins/com.st.stm32cube.ide.mcu.externaltools.gnu-tools-for-stm32.11.3.rel1.win32_1.1.100.202309141235/tools/bin/../lib/gcc/arm-none-eabi/11.3.1/../../../../arm-none-eabi/lib/thumb/v7e-m+fp/hard\libc_nano.a(libc_a-memset.o)
                              C:/ST/STM32CubeIDE_1.14.0/STM32CubeIDE/plugins/com.st.stm32cube.ide.mcu.externaltools.gnu-tools-for-stm32.11.3.rel1.win32_1.1.100.202309141235/tools/bin/../lib/gcc/arm-none-eabi/11.3.1/../../../../arm-none-eabi/lib/thumb/v7e-m+fp/hard/crt0.o (memset)
C:/ST/STM32CubeIDE_1.14.0/STM32CubeIDE/plugins/com.st.stm32cube.ide.mcu.externaltools.gnu-tools-for-stm32.11.3.rel1.win32_1.1.100.202309141235/tools/bin/../lib/gcc/arm-none-eabi/11.3.1/../../../../arm-none-eabi/lib/thumb/v7e-m+fp/hard\libc_nano.a(libc_a-closer.o)
                              C:/ST/STM32CubeIDE_1.14.0/STM32CubeIDE/plugins/com.st.stm32cube.ide.mcu.externaltools.gnu-tools-for-stm32.11.3.rel1.win32_1.1.100.202309141235/tools/bin/../lib/gcc/arm-none-eabi/11.3.1/../../../../arm-none-eabi/lib/thumb/v7e-m+fp/hard\libc_nano.a(libc_a-stdio.o) (_close_r)
C:/ST/STM32CubeIDE_1.14.0/STM32CubeIDE/plugins/com.st.stm32cube.ide.mcu.externaltools.gnu-tools-for-stm32.11.3.rel1.win32_1.1.100.202309141235/tools/bin/../lib/gcc/arm-none-eabi/11.3.1/../../../../arm-none-eabi/lib/thumb/v7e-m+fp/hard\libc_nano.a(libc_a-reent.o)
                              C:/ST/STM32CubeIDE_1.14.0/STM32CubeIDE/plugins/com.st.stm32cube.ide.mcu.externaltools.gnu-tools-for-stm32.11.3.rel1.win32_1.1.100.202309141235/tools/bin/../lib/gcc/arm-none-eabi/11.3.1/../../../../arm-none-eabi/lib/thumb/v7e-m+fp/hard\libc_nano.a(libc_a-closer.o) (errno)
C:/ST/STM32CubeIDE_1.14.0/STM32CubeIDE/plugins/com.st.stm32cube.ide.mcu.externaltools.gnu-tools-for-stm32.11.3.rel1.win32_1.1.100.202309141235/tools/bin/../lib/gcc/arm-none-eabi/11.3.1/../../../../arm-none-eabi/lib/thumb/v7e-m+fp/hard\libc_nano.a(libc_a-impure.o)
                              C:/ST/STM32CubeIDE_1.14.0/STM32CubeIDE/plugins/com.st.stm32cube.ide.mcu.externaltools.gnu-tools-for-stm32.11.3.rel1.win32_1.1.100.202309141235/tools/bin/../lib/gcc/arm-none-eabi/11.3.1/../../../../arm-none-eabi/lib/thumb/v7e-m+fp/hard\libc_nano.a(libc_a-reent.o) (_impure_ptr)
C:/ST/STM32CubeIDE_1.14.0/STM32CubeIDE/plugins/com.st.stm32cube.ide.mcu.externaltools.gnu-tools-for-stm32.11.3.rel1.win32_1.1.100.202309141235/tools/bin/../lib/gcc/arm-none-eabi/11.3.1/../../../../arm-none-eabi/lib/thumb/v7e-m+fp/hard\libc_nano.a(libc_a-lseekr.o)
[...]
Memory Configuration

Name             Origin             Length             Attributes
CCMRAM           0x0000000010000000 0x0000000000010000 xrw
RAM              0x0000000020000000 0x0000000000050000 xrw
ROM              0x0000000008000000 0x0000000000200000 xr
*default*        0x0000000000000000 0xffffffffffffffff

Linker script and memory map

LOAD C:/ST/STM32CubeIDE_1.14.0/STM32CubeIDE/plugins/com.st.stm32cube.ide.mcu.externaltools.gnu-tools-for-stm32.11.3.rel1.win32_1.1.100.202309141235/tools/bin/../lib/gcc/arm-none-eabi/11.3.1/thumb/v7e-m+fp/hard/crti.o
LOAD C:/ST/STM32CubeIDE_1.14.0/STM32CubeIDE/plugins/com.st.stm32cube.ide.mcu.externaltools.gnu-tools-for-stm32.11.3.rel1.win32_1.1.100.202309141235/tools/bin/../lib/gcc/arm-none-eabi/11.3.1/thumb/v7e-m+fp/hard/crtbegin.o
LOAD C:/ST/STM32CubeIDE_1.14.0/STM32CubeIDE/plugins/com.st.stm32cube.ide.mcu.externaltools.gnu-tools-for-stm32.11.3.rel1.win32_1.1.100.202309141235/tools/bin/../lib/gcc/arm-none-eabi/11.3.1/../../../../arm-none-eabi/lib/thumb/v7e-m+fp/hard/crt0.o
LOAD ./Drivers/BSP/STM32469I-Discovery/stm32469i_discovery.o
LOAD ./Drivers/CMSIS/system_stm32f4xx.o
LOAD ./Drivers/STM32F4xx_HAL_Driver/stm32f4xx_hal.o
LOAD ./Drivers/STM32F4xx_HAL_Driver/stm32f4xx_hal_cortex.o
LOAD ./Drivers/STM32F4xx_HAL_Driver/stm32f4xx_hal_dac.o
LOAD ./Drivers/STM32F4xx_HAL_Driver/stm32f4xx_hal_dac_ex.o
LOAD ./Drivers/STM32F4xx_HAL_Driver/stm32f4xx_hal_dma.o
LOAD ./Drivers/STM32F4xx_HAL_Driver/stm32f4xx_hal_gpio.o
LOAD ./Drivers/STM32F4xx_HAL_Driver/stm32f4xx_hal_i2c.o
LOAD ./Drivers/STM32F4xx_HAL_Driver/stm32f4xx_hal_i2c_ex.o
LOAD ./Drivers/STM32F4xx_HAL_Driver/stm32f4xx_hal_pwr_ex.o
LOAD ./Drivers/STM32F4xx_HAL_Driver/stm32f4xx_hal_rcc.o
LOAD ./Drivers/STM32F4xx_HAL_Driver/stm32f4xx_hal_rcc_ex.o
LOAD ./Drivers/STM32F4xx_HAL_Driver/stm32f4xx_hal_sram.o
LOAD ./Drivers/STM32F4xx_HAL_Driver/stm32f4xx_hal_tim.o
LOAD ./Drivers/STM32F4xx_HAL_Driver/stm32f4xx_hal_tim_ex.o
LOAD ./Drivers/STM32F4xx_HAL_Driver/stm32f4xx_hal_uart.o
LOAD ./Drivers/STM32F4xx_HAL_Driver/stm32f4xx_ll_fmc.o
LOAD ./Example/Startup/startup_stm32f469nihx.o
LOAD ./Example/User/main.o
LOAD ./Example/User/stm32f4xx_hal_msp.o
LOAD ./Example/User/stm32f4xx_it.o
LOAD ./Example/User/syscalls.o
LOAD ./Example/User/sysmem.o
START GROUP
LOAD C:/ST/STM32CubeIDE_1.14.0/STM32CubeIDE/plugins/com.st.stm32cube.ide.mcu.externaltools.gnu-tools-for-stm32.11.3.rel1.win32_1.1.100.202309141235/tools/bin/../lib/gcc/arm-none-eabi/11.3.1/../../../../arm-none-eabi/lib/thumb/v7e-m+fp/hard\libstdc++_nano.a
LOAD C:/ST/STM32CubeIDE_1.14.0/STM32CubeIDE/plugins/com.st.stm32cube.ide.mcu.externaltools.gnu-tools-for-stm32.11.3.rel1.win32_1.1.100.202309141235/tools/bin/../lib/gcc/arm-none-eabi/11.3.1/../../../../arm-none-eabi/lib/thumb/v7e-m+fp/hard\libsupc++_nano.a
END GROUP
LOAD C:/ST/STM32CubeIDE_1.14.0/STM32CubeIDE/plugins/com.st.stm32cube.ide.mcu.externaltools.gnu-tools-for-stm32.11.3.rel1.win32_1.1.100.202309141235/tools/bin/../lib/gcc/arm-none-eabi/11.3.1/../../../../arm-none-eabi/lib/thumb/v7e-m+fp/hard\libstdc++_nano.a
LOAD C:/ST/STM32CubeIDE_1.14.0/STM32CubeIDE/plugins/com.st.stm32cube.ide.mcu.externaltools.gnu-tools-for-stm32.11.3.rel1.win32_1.1.100.202309141235/tools/bin/../lib/gcc/arm-none-eabi/11.3.1/../../../../arm-none-eabi/lib/thumb/v7e-m+fp/hard\libm.a
LOAD C:/ST/STM32CubeIDE_1.14.0/STM32CubeIDE/plugins/com.st.stm32cube.ide.mcu.externaltools.gnu-tools-for-stm32.11.3.rel1.win32_1.1.100.202309141235/tools/bin/../lib/gcc/arm-none-eabi/11.3.1/../../../../arm-none-eabi/lib/thumb/v7e-m+fp/hard\libc_nano.a
START GROUP
LOAD C:/ST/STM32CubeIDE_1.14.0/STM32CubeIDE/plugins/com.st.stm32cube.ide.mcu.externaltools.gnu-tools-for-stm32.11.3.rel1.win32_1.1.100.202309141235/tools/bin/../lib/gcc/arm-none-eabi/11.3.1/thumb/v7e-m+fp/hard\libgcc.a
LOAD C:/ST/STM32CubeIDE_1.14.0/STM32CubeIDE/plugins/com.st.stm32cube.ide.mcu.externaltools.gnu-tools-for-stm32.11.3.rel1.win32_1.1.100.202309141235/tools/bin/../lib/gcc/arm-none-eabi/11.3.1/../../../../arm-none-eabi/lib/thumb/v7e-m+fp/hard\libc_nano.a
END GROUP
START GROUP
LOAD C:/ST/STM32CubeIDE_1.14.0/STM32CubeIDE/plugins/com.st.stm32cube.ide.mcu.externaltools.gnu-tools-for-stm32.11.3.rel1.win32_1.1.100.202309141235/tools/bin/../lib/gcc/arm-none-eabi/11.3.1/thumb/v7e-m+fp/hard\libgcc.a
LOAD C:/ST/STM32CubeIDE_1.14.0/STM32CubeIDE/plugins/com.st.stm32cube.ide.mcu.externaltools.gnu-tools-for-stm32.11.3.rel1.win32_1.1.100.202309141235/tools/bin/../lib/gcc/arm-none-eabi/11.3.1/../../../../arm-none-eabi/lib/thumb/v7e-m+fp/hard\libc_nano.a
END GROUP
LOAD C:/ST/STM32CubeIDE_1.14.0/STM32CubeIDE/plugins/com.st.stm32cube.ide.mcu.externaltools.gnu-tools-for-stm32.11.3.rel1.win32_1.1.100.202309141235/tools/bin/../lib/gcc/arm-none-eabi/11.3.1/thumb/v7e-m+fp/hard/crtend.o
LOAD C:/ST/STM32CubeIDE_1.14.0/STM32CubeIDE/plugins/com.st.stm32cube.ide.mcu.externaltools.gnu-tools-for-stm32.11.3.rel1.win32_1.1.100.202309141235/tools/bin/../lib/gcc/arm-none-eabi/11.3.1/thumb/v7e-m+fp/hard/crtn.o
                0x0000000020050000                _estack = (ORIGIN (RAM) + LENGTH (RAM))
                0x0000000000000200                _Min_Heap_Size = 0x200
                0x0000000000000400                _Min_Stack_Size = 0x400

.isr_vector     0x0000000008000000      0x1b4
                0x0000000008000000                . = ALIGN (0x4)
 *(.isr_vector)
 .isr_vector    0x0000000008000000      0x1b4 ./Example/Startup/startup_stm32f469nihx.o
                0x0000000008000000                g_pfnVectors
                0x00000000080001b4                . = ALIGN (0x4)

.text           0x00000000080001b4     0x3c28
                0x00000000080001b4                . = ALIGN (0x4)
 *(.text)
 .text          0x00000000080001b4       0x40 C:/ST/STM32CubeIDE_1.14.0/STM32CubeIDE/plugins/com.st.stm32cube.ide.mcu.externaltools.gnu-tools-for-stm32.11.3.rel1.win32_1.1.100.202309141235/tools/bin/../lib/gcc/arm-none-eabi/11.3.1/thumb/v7e-m+fp/hard/crtbegin.o
 .text          0x00000000080001f4       0x30 C:/ST/STM32CubeIDE_1.14.0/STM32CubeIDE/plugins/com.st.stm32cube.ide.mcu.externaltools.gnu-tools-for-stm32.11.3.rel1.win32_1.1.100.202309141235/tools/bin/../lib/gcc/arm-none-eabi/11.3.1/thumb/v7e-m+fp/hard\libgcc.a(_aeabi_uldivmod.o)
                0x00000000080001f4                __aeabi_uldivmod
 .text          0x0000000008000224      0x2c8 C:/ST/STM32CubeIDE_1.14.0/STM32CubeIDE/plugins/com.st.stm32cube.ide.mcu.externaltools.gnu-tools-for-stm32.11.3.rel1.win32_1.1.100.202309141235/tools/bin/../lib/gcc/arm-none-eabi/11.3.1/thumb/v7e-m+fp/hard\libgcc.a(_udivmoddi4.o)
                0x0000000008000224                __udivmoddi4
 .text          0x00000000080004ec      0xa00 C:/ST/STM32CubeIDE_1.14.0/STM32CubeIDE/plugins/com.st.stm32cube.ide.mcu.externaltools.gnu-tools-for-stm32.11.3.rel1.win32_1.1.100.202309141235/tools/bin/../lib/gcc/arm-none-eabi/11.3.1/thumb/v7e-m+fp/hard\libgcc.a(unwind-arm.o)
                0x0000000008000790                _Unwind_GetCFA
                0x0000000008000794                __gnu_Unwind_RaiseException
                0x00000000080007fc                __gnu_Unwind_ForcedUnwind
                0x000000000800080c                __gnu_Unwind_Resume
                0x0000000008000850                __gnu_Unwind_Resume_or_Rethrow
                0x0000000008000860                _Unwind_Complete
                0x0000000008000864                _Unwind_DeleteException
                0x0000000008000870                _Unwind_VRS_Get
                0x00000000080008bc                _Unwind_VRS_Set
                0x0000000008000904                __gnu_Unwind_Backtrace
                0x0000000008000c30                __aeabi_unwind_cpp_pr0
                0x0000000008000c34                __aeabi_unwind_cpp_pr1
                0x0000000008000c38                __aeabi_unwind_cpp_pr2
                0x0000000008000c3c                _Unwind_VRS_Pop
 .text          0x0000000008000eec      0x1ac C:/ST/STM32CubeIDE_1.14.0/STM32CubeIDE/plugins/com.st.stm32cube.ide.mcu.externaltools.gnu-tools-for-stm32.11.3.rel1.win32_1.1.100.202309141235/tools/bin/../lib/gcc/arm-none-eabi/11.3.1/thumb/v7e-m+fp/hard\libgcc.a(libunwind.o)
                0x0000000008000eec                __restore_core_regs
                0x0000000008000eec                restore_core_regs
                0x0000000008000f04                __gnu_Unwind_Restore_VFP
                0x0000000008000f0c                __gnu_Unwind_Save_VFP
                0x0000000008000f14                __gnu_Unwind_Restore_VFP_D
                0x0000000008000f1c                __gnu_Unwind_Save_VFP_D
                0x0000000008000f24                __gnu_Unwind_Restore_VFP_D_16_to_31
                0x0000000008000f2c                __gnu_Unwind_Save_VFP_D_16_to_31
                0x0000000008000f34                __gnu_Unwind_Restore_WMMXD
                0x0000000008000f78                __gnu_Unwind_Save_WMMXD
                0x0000000008000fbc                __gnu_Unwind_Restore_WMMXC
                0x0000000008000fd0                __gnu_Unwind_Save_WMMXC
                0x0000000008000fe4                ___Unwind_RaiseException
                0x0000000008000fe4                _Unwind_RaiseException
                0x0000000008001008                _Unwind_Resume
                0x0000000008001008                ___Unwind_Resume
                0x000000000800102c                _Unwind_Resume_or_Rethrow
                0x000000000800102c                ___Unwind_Resume_or_Rethrow
                0x0000000008001050                _Unwind_ForcedUnwind
                0x0000000008001050                ___Unwind_ForcedUnwind
                0x0000000008001074                ___Unwind_Backtrace
                0x0000000008001074                _Unwind_Backtrace
 .text          0x0000000008001098      0x330 C:/ST/STM32CubeIDE_1.14.0/STM32CubeIDE/plugins/com.st.stm32cube.ide.mcu.externaltools.gnu-tools-for-stm32.11.3.rel1.win32_1.1.100.202309141235/tools/bin/../lib/gcc/arm-none-eabi/11.3.1/thumb/v7e-m+fp/hard\libgcc.a(pr-support.o)
                0x00000000080010f0                __gnu_unwind_execute
                0x000000000800137c                __gnu_unwind_frame
                0x00000000080013a8                _Unwind_GetRegionStart
                0x00000000080013b4                _Unwind_GetLanguageSpecificData
 .text          0x00000000080013c8        0x4 C:/ST/STM32CubeIDE_1.14.0/STM32CubeIDE/plugins/com.st.stm32cube.ide.mcu.externaltools.gnu-tools-for-stm32.11.3.rel1.win32_1.1.100.202309141235/tools/bin/../lib/gcc/arm-none-eabi/11.3.1/thumb/v7e-m+fp/hard\libgcc.a(_dvmd_tls.o)
                0x00000000080013c8                __aeabi_idiv0
                0x00000000080013c8                __aeabi_ldiv0
 *(.text*)
 .text.BSP_LED_Init
                0x00000000080013cc      0x100 ./Drivers/BSP/STM32469I-Discovery/stm32469i_discovery.o
                0x00000000080013cc                BSP_LED_Init
 .text.BSP_LED_On
                0x00000000080014cc       0x3c ./Drivers/BSP/STM32469I-Discovery/stm32469i_discovery.o
                0x00000000080014cc                BSP_LED_On
 .text.BSP_PB_Init
                0x0000000008001508       0xac ./Drivers/BSP/STM32469I-Discovery/stm32469i_discovery.o
                0x0000000008001508                BSP_PB_Init
 .text.SystemInit
                0x00000000080015b4       0x6c ./Drivers/CMSIS/system_stm32f4xx.o
                0x00000000080015b4                SystemInit
 .text.HAL_Init
                0x0000000008001620       0x44 ./Drivers/STM32F4xx_HAL_Driver/stm32f4xx_hal.o
                0x0000000008001620                HAL_Init
 .text.HAL_MspInit
                0x0000000008001664        0xe ./Drivers/STM32F4xx_HAL_Driver/stm32f4xx_hal.o
                0x0000000008001664                HAL_MspInit
 *fill*         0x0000000008001672        0x2 
 .text.HAL_InitTick
                0x0000000008001674       0x60 ./Drivers/STM32F4xx_HAL_Driver/stm32f4xx_hal.o
                0x0000000008001674                HAL_InitTick
 .text.HAL_IncTick
                0x00000000080016d4       0x28 ./Drivers/STM32F4xx_HAL_Driver/stm32f4xx_hal.o
                0x00000000080016d4                HAL_IncTick
 .text.HAL_GetTick
                0x00000000080016fc       0x18 ./Drivers/STM32F4xx_HAL_Driver/stm32f4xx_hal.o
                0x00000000080016fc                HAL_GetTick
 .text.__NVIC_SetPriorityGrouping
                0x0000000008001714       0x48 ./Drivers/STM32F4xx_HAL_Driver/stm32f4xx_hal_cortex.o
 .text.__NVIC_GetPriorityGrouping
                0x000000000800175c       0x1c ./Drivers/STM32F4xx_HAL_Driver/stm32f4xx_hal_cortex.o
 .text.__NVIC_EnableIRQ
                0x0000000008001778       0x3c ./Drivers/STM32F4xx_HAL_Driver/stm32f4xx_hal_cortex.o
 .text.__NVIC_DisableIRQ
                0x00000000080017b4       0x48 ./Drivers/STM32F4xx_HAL_Driver/stm32f4xx_hal_cortex.o
 .text.__NVIC_SetPriority
                0x00000000080017fc       0x54 ./Drivers/STM32F4xx_HAL_Driver/stm32f4xx_hal_cortex.o
 .text.NVIC_EncodePriority
                0x0000000008001850       0x66 ./Drivers/STM32F4xx_HAL_Driver/stm32f4xx_hal_cortex.o
 *fill*         0x00000000080018b6        0x2 
 .text.SysTick_Config
                0x00000000080018b8       0x44 ./Drivers/STM32F4xx_HAL_Driver/stm32f4xx_hal_cortex.o
 .text.HAL_NVIC_SetPriorityGrouping
                0x00000000080018fc       0x16 ./Drivers/STM32F4xx_HAL_Driver/stm32f4xx_hal_cortex.o
                0x00000000080018fc                HAL_NVIC_SetPriorityGrouping
 .text.HAL_NVIC_SetPriority
                0x0000000008001912       0x38 ./Drivers/STM32F4xx_HAL_Driver/stm32f4xx_hal_cortex.o
                0x0000000008001912                HAL_NVIC_SetPriority
 .text.HAL_NVIC_EnableIRQ
                0x000000000800194a       0x1c ./Drivers/STM32F4xx_HAL_Driver/stm32f4xx_hal_cortex.o
                0x000000000800194a                HAL_NVIC_EnableIRQ
 .text.HAL_NVIC_DisableIRQ
                0x0000000008001966       0x1c ./Drivers/STM32F4xx_HAL_Driver/stm32f4xx_hal_cortex.o
                0x0000000008001966                HAL_NVIC_DisableIRQ
 .text.HAL_SYSTICK_Config
                0x0000000008001982       0x18 ./Drivers/STM32F4xx_HAL_Driver/stm32f4xx_hal_cortex.o
                0x0000000008001982                HAL_SYSTICK_Config
 .text.HAL_DAC_Init
                0x000000000800199a       0x44 ./Drivers/STM32F4xx_HAL_Driver/stm32f4xx_hal_dac.o
                0x000000000800199a                HAL_DAC_Init
 .text.HAL_DAC_DeInit
                0x00000000080019de       0x3a ./Drivers/STM32F4xx_HAL_Driver/stm32f4xx_hal_dac.o
                0x00000000080019de                HAL_DAC_DeInit
 .text.HAL_DAC_Start
                0x0000000008001a18       0xae ./Drivers/STM32F4xx_HAL_Driver/stm32f4xx_hal_dac.o
                0x0000000008001a18                HAL_DAC_Start
 *fill*         0x0000000008001ac6        0x2 
 .text.HAL_DAC_Start_DMA
                0x0000000008001ac8      0x184 ./Drivers/STM32F4xx_HAL_Driver/stm32f4xx_hal_dac.o
                0x0000000008001ac8                HAL_DAC_Start_DMA
 .text.HAL_DAC_SetValue
                0x0000000008001c4c       0x54 ./Drivers/STM32F4xx_HAL_Driver/stm32f4xx_hal_dac.o
                0x0000000008001c4c                HAL_DAC_SetValue
 .text.HAL_DAC_ConvCpltCallbackCh1
                0x0000000008001ca0       0x14 ./Drivers/STM32F4xx_HAL_Driver/stm32f4xx_hal_dac.o
                0x0000000008001ca0                HAL_DAC_ConvCpltCallbackCh1
 .text.HAL_DAC_ConvHalfCpltCallbackCh1
                0x0000000008001cb4       0x14 ./Drivers/STM32F4xx_HAL_Driver/stm32f4xx_hal_dac.o
                0x0000000008001cb4                HAL_DAC_ConvHalfCpltCallbackCh1
 .text.HAL_DAC_ErrorCallbackCh1
                0x0000000008001cc8       0x14 ./Drivers/STM32F4xx_HAL_Driver/stm32f4xx_hal_dac.o
                0x0000000008001cc8                HAL_DAC_ErrorCallbackCh1
 .text.HAL_DAC_ConfigChannel
                0x0000000008001cdc       0xb2 ./Drivers/STM32F4xx_HAL_Driver/stm32f4xx_hal_dac.o
                0x0000000008001cdc                HAL_DAC_ConfigChannel
 .text.DAC_DMAConvCpltCh1
                0x0000000008001d8e       0x22 ./Drivers/STM32F4xx_HAL_Driver/stm32f4xx_hal_dac.o
                0x0000000008001d8e                DAC_DMAConvCpltCh1
 .text.DAC_DMAHalfConvCpltCh1
                0x0000000008001db0       0x1c ./Drivers/STM32F4xx_HAL_Driver/stm32f4xx_hal_dac.o
                0x0000000008001db0                DAC_DMAHalfConvCpltCh1
 .text.DAC_DMAErrorCh1
                0x0000000008001dcc       0x2e ./Drivers/STM32F4xx_HAL_Driver/stm32f4xx_hal_dac.o
                0x0000000008001dcc                DAC_DMAErrorCh1
 .text.HAL_DACEx_TriangleWaveGenerate
                0x0000000008001dfa       0x78 ./Drivers/STM32F4xx_HAL_Driver/stm32f4xx_hal_dac_ex.o
                0x0000000008001dfa                HAL_DACEx_TriangleWaveGenerate
 .text.HAL_DACEx_ConvCpltCallbackCh2
                0x0000000008001e72       0x14 ./Drivers/STM32F4xx_HAL_Driver/stm32f4xx_hal_dac_ex.o
                0x0000000008001e72                HAL_DACEx_ConvCpltCallbackCh2
 .text.HAL_DACEx_ConvHalfCpltCallbackCh2
                0x0000000008001e86       0x14 ./Drivers/STM32F4xx_HAL_Driver/stm32f4xx_hal_dac_ex.o
                0x0000000008001e86                HAL_DACEx_ConvHalfCpltCallbackCh2
 .text.HAL_DACEx_ErrorCallbackCh2
                0x0000000008001e9a       0x14 ./Drivers/STM32F4xx_HAL_Driver/stm32f4xx_hal_dac_ex.o
                0x0000000008001e9a                HAL_DACEx_ErrorCallbackCh2
 .text.DAC_DMAConvCpltCh2
                0x0000000008001eae       0x22 ./Drivers/STM32F4xx_HAL_Driver/stm32f4xx_hal_dac_ex.o
                0x0000000008001eae                DAC_DMAConvCpltCh2
 .text.DAC_DMAHalfConvCpltCh2
                0x0000000008001ed0       0x1c ./Drivers/STM32F4xx_HAL_Driver/stm32f4xx_hal_dac_ex.o
                0x0000000008001ed0                DAC_DMAHalfConvCpltCh2
 .text.DAC_DMAErrorCh2
                0x0000000008001eec       0x2e ./Drivers/STM32F4xx_HAL_Driver/stm32f4xx_hal_dac_ex.o
                0x0000000008001eec                DAC_DMAErrorCh2
 *fill*         0x0000000008001f1a        0x2 
 .text.HAL_DMA_Init
                0x0000000008001f1c      0x15c ./Drivers/STM32F4xx_HAL_Driver/stm32f4xx_hal_dma.o
                0x0000000008001f1c                HAL_DMA_Init
 .text.HAL_DMA_DeInit
                0x0000000008002078       0xbc ./Drivers/STM32F4xx_HAL_Driver/stm32f4xx_hal_dma.o
                0x0000000008002078                HAL_DMA_DeInit
 .text.HAL_DMA_Start_IT
                0x0000000008002134       0xb0 ./Drivers/STM32F4xx_HAL_Driver/stm32f4xx_hal_dma.o
                0x0000000008002134                HAL_DMA_Start_IT
 .text.DMA_SetConfig
                0x00000000080021e4       0x5c ./Drivers/STM32F4xx_HAL_Driver/stm32f4xx_hal_dma.o
 .text.DMA_CalcBaseAndBitshift
                0x0000000008002240       0x6c ./Drivers/STM32F4xx_HAL_Driver/stm32f4xx_hal_dma.o
 .text.DMA_CheckFifoParam
                0x00000000080022ac       0xf8 ./Drivers/STM32F4xx_HAL_Driver/stm32f4xx_hal_dma.o
 .text.HAL_GPIO_Init
                0x00000000080023a4      0x358 ./Drivers/STM32F4xx_HAL_Driver/stm32f4xx_hal_gpio.o
                0x00000000080023a4                HAL_GPIO_Init
 .text.HAL_GPIO_DeInit
                0x00000000080026fc      0x218 ./Drivers/STM32F4xx_HAL_Driver/stm32f4xx_hal_gpio.o
                0x00000000080026fc                HAL_GPIO_DeInit
 .text.HAL_GPIO_WritePin
                0x0000000008002914       0x32 ./Drivers/STM32F4xx_HAL_Driver/stm32f4xx_hal_gpio.o
                0x0000000008002914                HAL_GPIO_WritePin
 *fill*         0x0000000008002946        0x2 
 .text.HAL_GPIO_EXTI_IRQHandler
                0x0000000008002948       0x30 ./Drivers/STM32F4xx_HAL_Driver/stm32f4xx_hal_gpio.o
                0x0000000008002948                HAL_GPIO_EXTI_IRQHandler
 .text.HAL_GPIO_EXTI_Callback
                0x0000000008002978       0x16 ./Drivers/STM32F4xx_HAL_Driver/stm32f4xx_hal_gpio.o
                0x0000000008002978                HAL_GPIO_EXTI_Callback
 *fill*         0x000000000800298e        0x2 
 .text.HAL_PWREx_EnableOverDrive
                0x0000000008002990       0xa0 ./Drivers/STM32F4xx_HAL_Driver/stm32f4xx_hal_pwr_ex.o
                0x0000000008002990                HAL_PWREx_EnableOverDrive
 .text.HAL_RCC_ClockConfig
                0x0000000008002a30      0x1cc ./Drivers/STM32F4xx_HAL_Driver/stm32f4xx_hal_rcc.o
                0x0000000008002a30                HAL_RCC_ClockConfig
 .text.HAL_RCC_GetSysClockFreq
                0x0000000008002bfc      0x20c ./Drivers/STM32F4xx_HAL_Driver/stm32f4xx_hal_rcc.o
                0x0000000008002bfc                HAL_RCC_GetSysClockFreq
 .text.HAL_RCC_OscConfig
                0x0000000008002e08      0x508 ./Drivers/STM32F4xx_HAL_Driver/stm32f4xx_hal_rcc_ex.o
                0x0000000008002e08                HAL_RCC_OscConfig
 .text.HAL_TIM_Base_Init
                0x0000000008003310       0x9e ./Drivers/STM32F4xx_HAL_Driver/stm32f4xx_hal_tim.o
                0x0000000008003310                HAL_TIM_Base_Init
 *fill*         0x00000000080033ae        0x2 
 .text.HAL_TIM_Base_Start
                0x00000000080033b0       0xd0 ./Drivers/STM32F4xx_HAL_Driver/stm32f4xx_hal_tim.o
                0x00000000080033b0                HAL_TIM_Base_Start
 .text.TIM_Base_SetConfig
                0x0000000008003480      0x158 ./Drivers/STM32F4xx_HAL_Driver/stm32f4xx_hal_tim.o
                0x0000000008003480                TIM_Base_SetConfig
 .text.HAL_TIMEx_MasterConfigSynchronization
                0x00000000080035d8       0xf8 ./Drivers/STM32F4xx_HAL_Driver/stm32f4xx_hal_tim_ex.o
                0x00000000080035d8                HAL_TIMEx_MasterConfigSynchronization
 .text.Reset_Handler
                0x00000000080036d0       0x50 ./Example/Startup/startup_stm32f469nihx.o
                0x00000000080036d0                Reset_Handler
 .text.Default_Handler
                0x0000000008003720        0x2 ./Example/Startup/startup_stm32f469nihx.o
                0x0000000008003720                RTC_Alarm_IRQHandler
                0x0000000008003720                HASH_RNG_IRQHandler
                0x0000000008003720                EXTI2_IRQHandler
                0x0000000008003720                TIM8_CC_IRQHandler
                0x0000000008003720                UART8_IRQHandler
                0x0000000008003720                SPI4_IRQHandler
                0x0000000008003720                TIM1_CC_IRQHandler
                0x0000000008003720                DMA2_Stream5_IRQHandler
                0x0000000008003720                DMA1_Stream5_IRQHandler
                0x0000000008003720                PVD_IRQHandler
                0x0000000008003720                SDIO_IRQHandler
                0x0000000008003720                TAMP_STAMP_IRQHandler
                0x0000000008003720                CAN2_RX1_IRQHandler
                0x0000000008003720                EXTI3_IRQHandler
                0x0000000008003720                TIM8_TRG_COM_TIM14_IRQHandler
                0x0000000008003720                TIM1_UP_TIM10_IRQHandler
                0x0000000008003720                TIM8_UP_TIM13_IRQHandler
                0x0000000008003720                I2C3_ER_IRQHandler
                0x0000000008003720                I2C2_EV_IRQHandler
                0x0000000008003720                DMA1_Stream2_IRQHandler
                0x0000000008003720                CAN1_RX0_IRQHandler
                0x0000000008003720                FPU_IRQHandler
                0x0000000008003720                OTG_HS_WKUP_IRQHandler
                0x0000000008003720                LTDC_ER_IRQHandler
                0x0000000008003720                CAN2_SCE_IRQHandler
                0x0000000008003720                DMA2_Stream2_IRQHandler
                0x0000000008003720                SPI1_IRQHandler
                0x0000000008003720                TIM6_DAC_IRQHandler
                0x0000000008003720                TIM1_BRK_TIM9_IRQHandler
                0x0000000008003720                DCMI_IRQHandler
                0x0000000008003720                CAN2_RX0_IRQHandler
                0x0000000008003720                DMA2_Stream3_IRQHandler
                0x0000000008003720                USART6_IRQHandler
                0x0000000008003720                USART3_IRQHandler
                0x0000000008003720                CAN1_RX1_IRQHandler
                0x0000000008003720                UART5_IRQHandler
                0x0000000008003720                DMA2_Stream0_IRQHandler
                0x0000000008003720                TIM4_IRQHandler
                0x0000000008003720                QUADSPI_IRQHandler
                0x0000000008003720                I2C1_EV_IRQHandler
                0x0000000008003720                DMA1_Stream6_IRQHandler
                0x0000000008003720                DMA1_Stream1_IRQHandler
                0x0000000008003720                UART4_IRQHandler
                0x0000000008003720                TIM3_IRQHandler
                0x0000000008003720                RCC_IRQHandler
                0x0000000008003720                TIM8_BRK_TIM12_IRQHandler
                0x0000000008003720                Default_Handler
                0x0000000008003720                EXTI15_10_IRQHandler
                0x0000000008003720                ADC_IRQHandler
                0x0000000008003720                DMA1_Stream7_IRQHandler
                0x0000000008003720                SPI5_IRQHandler
                0x0000000008003720                TIM7_IRQHandler
                0x0000000008003720                CAN2_TX_IRQHandler
                0x0000000008003720                TIM5_IRQHandler
                0x0000000008003720                DMA2_Stream7_IRQHandler
                0x0000000008003720                I2C3_EV_IRQHandler
                0x0000000008003720                EXTI9_5_IRQHandler
                0x0000000008003720                RTC_WKUP_IRQHandler
                0x0000000008003720                LTDC_IRQHandler
                0x0000000008003720                ETH_WKUP_IRQHandler
                0x0000000008003720                SPI2_IRQHandler
                0x0000000008003720                OTG_HS_EP1_IN_IRQHandler
                0x0000000008003720                DMA1_Stream0_IRQHandler
                0x0000000008003720                CAN1_TX_IRQHandler
                0x0000000008003720                EXTI4_IRQHandler
                0x0000000008003720                DSI_IRQHandler
                0x0000000008003720                ETH_IRQHandler
                0x0000000008003720                OTG_HS_EP1_OUT_IRQHandler
                0x0000000008003720                WWDG_IRQHandler
                0x0000000008003720                SPI6_IRQHandler
                0x0000000008003720                TIM2_IRQHandler
                0x0000000008003720                OTG_FS_WKUP_IRQHandler
                0x0000000008003720                TIM1_TRG_COM_TIM11_IRQHandler
                0x0000000008003720                OTG_HS_IRQHandler
                0x0000000008003720                DMA2D_IRQHandler
                0x0000000008003720                EXTI1_IRQHandler
                0x0000000008003720                UART7_IRQHandler
                0x0000000008003720                USART2_IRQHandler
                0x0000000008003720                I2C2_ER_IRQHandler
                0x0000000008003720                DMA2_Stream1_IRQHandler
                0x0000000008003720                CAN1_SCE_IRQHandler
                0x0000000008003720                FLASH_IRQHandler
                0x0000000008003720                DMA2_Stream4_IRQHandler
                0x0000000008003720                USART1_IRQHandler
                0x0000000008003720                OTG_FS_IRQHandler
                0x0000000008003720                SPI3_IRQHandler
                0x0000000008003720                DMA1_Stream4_IRQHandler
                0x0000000008003720                I2C1_ER_IRQHandler
                0x0000000008003720                FMC_IRQHandler
                0x0000000008003720                DMA2_Stream6_IRQHandler
                0x0000000008003720                SAI1_IRQHandler
                0x0000000008003720                DMA1_Stream3_IRQHandler
 *fill*         0x0000000008003722        0x2 
 .text._ZN13DACControllerC2Ev
                0x0000000008003724       0x60 ./Example/User/main.o
                0x0000000008003724                DACController::DACController()
                0x0000000008003724                DACController::DACController()
 .text._ZN13DACController3RunEv
                0x0000000008003784       0x54 ./Example/User/main.o
                0x0000000008003784                DACController::Run()
 .text._ZN13DACController18SystemClock_ConfigEv
                0x00000000080037d8       0xf0 ./Example/User/main.o
                0x00000000080037d8                DACController::SystemClock_Config()
 .text._ZN13DACController13Error_HandlerEv
                0x00000000080038c8       0x10 ./Example/User/main.o
                0x00000000080038c8                DACController::Error_Handler()
 .text._ZN13DACController23DAC_Ch1_EscalatorConfigEv
                0x00000000080038d8       0x88 ./Example/User/main.o
                0x00000000080038d8                DACController::DAC_Ch1_EscalatorConfig()
 .text._ZN13DACController22DAC_Ch1_TriangleConfigEv
                0x0000000008003960       0xc6 ./Example/User/main.o
                0x0000000008003960                DACController::DAC_Ch1_TriangleConfig()
 *fill*         0x0000000008003a26        0x2 
 .text._ZN13DACController11TIM6_ConfigEv
                0x0000000008003a28       0x5c ./Example/User/main.o
                0x0000000008003a28                DACController::TIM6_Config()
 .text.main     0x0000000008003a84       0x20 ./Example/User/main.o
                0x0000000008003a84                main
 .text.HAL_DAC_MspInit
                0x0000000008003aa4       0xec ./Example/User/stm32f4xx_hal_msp.o
                0x0000000008003aa4                HAL_DAC_MspInit
 .text.HAL_DAC_MspDeInit
                0x0000000008003b90       0x48 ./Example/User/stm32f4xx_hal_msp.o
                0x0000000008003b90                HAL_DAC_MspDeInit
 .text.HAL_TIM_Base_MspInit
                0x0000000008003bd8       0x34 ./Example/User/stm32f4xx_hal_msp.o
                0x0000000008003bd8                HAL_TIM_Base_MspInit
 .text.NMI_Handler
                0x0000000008003c0c        0xe ./Example/User/stm32f4xx_it.o
                0x0000000008003c0c                NMI_Handler
 .text.HardFault_Handler
                0x0000000008003c1a        0x6 ./Example/User/stm32f4xx_it.o
                0x0000000008003c1a                HardFault_Handler
 .text.MemManage_Handler
                0x0000000008003c20        0x6 ./Example/User/stm32f4xx_it.o
                0x0000000008003c20                MemManage_Handler
 .text.BusFault_Handler
                0x0000000008003c26        0x6 ./Example/User/stm32f4xx_it.o
                0x0000000008003c26                BusFault_Handler
 .text.UsageFault_Handler
                0x0000000008003c2c        0x6 ./Example/User/stm32f4xx_it.o
                0x0000000008003c2c                UsageFault_Handler
 .text.SVC_Handler
                0x0000000008003c32        0xe ./Example/User/stm32f4xx_it.o
                0x0000000008003c32                SVC_Handler
 .text.DebugMon_Handler
                0x0000000008003c40        0xe ./Example/User/stm32f4xx_it.o
                0x0000000008003c40                DebugMon_Handler
 .text.PendSV_Handler
                0x0000000008003c4e        0xe ./Example/User/stm32f4xx_it.o
                0x0000000008003c4e                PendSV_Handler
 .text.SysTick_Handler
                0x0000000008003c5c        0xc ./Example/User/stm32f4xx_it.o
                0x0000000008003c5c                SysTick_Handler
 .text.EXTI0_IRQHandler
                0x0000000008003c68        0xe ./Example/User/stm32f4xx_it.o
                0x0000000008003c68                EXTI0_IRQHandler
 .text._getpid  0x0000000008003c76       0x10 ./Example/User/syscalls.o
                0x0000000008003c76                _getpid
 .text._kill    0x0000000008003c86       0x20 ./Example/User/syscalls.o
                0x0000000008003c86                _kill
 .text._exit    0x0000000008003ca6       0x14 ./Example/User/syscalls.o
                0x0000000008003ca6                _exit
 *fill*         0x0000000008003cba        0x2 
 .text.__errno  0x0000000008003cbc        0xc C:/ST/STM32CubeIDE_1.14.0/STM32CubeIDE/plugins/com.st.stm32cube.ide.mcu.externaltools.gnu-tools-for-stm32.11.3.rel1.win32_1.1.100.202309141235/tools/bin/../lib/gcc/arm-none-eabi/11.3.1/../../../../arm-none-eabi/lib/thumb/v7e-m+fp/hard\libc_nano.a(libc_a-errno.o)
                0x0000000008003cbc                __errno
 .text.__libc_init_array
                0x0000000008003cc8       0x48 C:/ST/STM32CubeIDE_1.14.0/STM32CubeIDE/plugins/com.st.stm32cube.ide.mcu.externaltools.gnu-tools-for-stm32.11.3.rel1.win32_1.1.100.202309141235/tools/bin/../lib/gcc/arm-none-eabi/11.3.1/../../../../arm-none-eabi/lib/thumb/v7e-m+fp/hard\libc_nano.a(libc_a-init.o)
                0x0000000008003cc8                __libc_init_array
 .text.abort    0x0000000008003d10        0xe C:/ST/STM32CubeIDE_1.14.0/STM32CubeIDE/plugins/com.st.stm32cube.ide.mcu.externaltools.gnu-tools-for-stm32.11.3.rel1.win32_1.1.100.202309141235/tools/bin/../lib/gcc/arm-none-eabi/11.3.1/../../../../arm-none-eabi/lib/thumb/v7e-m+fp/hard\libc_nano.a(libc_a-abort.o)
                0x0000000008003d10                abort
 .text._raise_r
                0x0000000008003d1e       0x50 C:/ST/STM32CubeIDE_1.14.0/STM32CubeIDE/plugins/com.st.stm32cube.ide.mcu.externaltools.gnu-tools-for-stm32.11.3.rel1.win32_1.1.100.202309141235/tools/bin/../lib/gcc/arm-none-eabi/11.3.1/../../../../arm-none-eabi/lib/thumb/v7e-m+fp/hard\libc_nano.a(libc_a-signal.o)
                0x0000000008003d1e                _raise_r
 *fill*         0x0000000008003d6e        0x2 
 .text.raise    0x0000000008003d70       0x10 C:/ST/STM32CubeIDE_1.14.0/STM32CubeIDE/plugins/com.st.stm32cube.ide.mcu.externaltools.gnu-tools-for-stm32.11.3.rel1.win32_1.1.100.202309141235/tools/bin/../lib/gcc/arm-none-eabi/11.3.1/../../../../arm-none-eabi/lib/thumb/v7e-m+fp/hard\libc_nano.a(libc_a-signal.o)
                0x0000000008003d70                raise
 .text._kill_r  0x0000000008003d80       0x24 C:/ST/STM32CubeIDE_1.14.0/STM32CubeIDE/plugins/com.st.stm32cube.ide.mcu.externaltools.gnu-tools-for-stm32.11.3.rel1.win32_1.1.100.202309141235/tools/bin/../lib/gcc/arm-none-eabi/11.3.1/../../../../arm-none-eabi/lib/thumb/v7e-m+fp/hard\libc_nano.a(libc_a-signalr.o)
                0x0000000008003d80                _kill_r
 .text._getpid_r
                0x0000000008003da4        0x4 C:/ST/STM32CubeIDE_1.14.0/STM32CubeIDE/plugins/com.st.stm32cube.ide.mcu.externaltools.gnu-tools-for-stm32.11.3.rel1.win32_1.1.100.202309141235/tools/bin/../lib/gcc/arm-none-eabi/11.3.1/../../../../arm-none-eabi/lib/thumb/v7e-m+fp/hard\libc_nano.a(libc_a-signalr.o)
                0x0000000008003da4                _getpid_r
 .text.memcpy   0x0000000008003da8       0x1c C:/ST/STM32CubeIDE_1.14.0/STM32CubeIDE/plugins/com.st.stm32cube.ide.mcu.externaltools.gnu-tools-for-stm32.11.3.rel1.win32_1.1.100.202309141235/tools/bin/../lib/gcc/arm-none-eabi/11.3.1/../../../../arm-none-eabi/lib/thumb/v7e-m+fp/hard\libc_nano.a(libc_a-memcpy-stub.o)
                0x0000000008003da8                memcpy
 *(.glue_7)
 .glue_7        0x0000000008003dc4        0x0 linker stubs
 *(.glue_7t)
 .glue_7t       0x0000000008003dc4        0x0 linker stubs
 *(.eh_frame)
 .eh_frame      0x0000000008003dc4        0x0 C:/ST/STM32CubeIDE_1.14.0/STM32CubeIDE/plugins/com.st.stm32cube.ide.mcu.externaltools.gnu-tools-for-stm32.11.3.rel1.win32_1.1.100.202309141235/tools/bin/../lib/gcc/arm-none-eabi/11.3.1/thumb/v7e-m+fp/hard/crtbegin.o
 *(.init)
 .init          0x0000000008003dc4        0x4 C:/ST/STM32CubeIDE_1.14.0/STM32CubeIDE/plugins/com.st.stm32cube.ide.mcu.externaltools.gnu-tools-for-stm32.11.3.rel1.win32_1.1.100.202309141235/tools/bin/../lib/gcc/arm-none-eabi/11.3.1/thumb/v7e-m+fp/hard/crti.o
                0x0000000008003dc4                _init
 .init          0x0000000008003dc8        0x8 C:/ST/STM32CubeIDE_1.14.0/STM32CubeIDE/plugins/com.st.stm32cube.ide.mcu.externaltools.gnu-tools-for-stm32.11.3.rel1.win32_1.1.100.202309141235/tools/bin/../lib/gcc/arm-none-eabi/11.3.1/thumb/v7e-m+fp/hard/crtn.o
 *(.fini)
 .fini          0x0000000008003dd0        0x4 C:/ST/STM32CubeIDE_1.14.0/STM32CubeIDE/plugins/com.st.stm32cube.ide.mcu.externaltools.gnu-tools-for-stm32.11.3.rel1.win32_1.1.100.202309141235/tools/bin/../lib/gcc/arm-none-eabi/11.3.1/thumb/v7e-m+fp/hard/crti.o
                0x0000000008003dd0                _fini
 .fini          0x0000000008003dd4        0x8 C:/ST/STM32CubeIDE_1.14.0/STM32CubeIDE/plugins/com.st.stm32cube.ide.mcu.externaltools.gnu-tools-for-stm32.11.3.rel1.win32_1.1.100.202309141235/tools/bin/../lib/gcc/arm-none-eabi/11.3.1/thumb/v7e-m+fp/hard/crtn.o
                0x0000000008003ddc                . = ALIGN (0x4)
                0x0000000008003ddc                _etext = .

.vfp11_veneer   0x0000000008003ddc        0x0
 .vfp11_veneer  0x0000000008003ddc        0x0 linker stubs

.v4_bx          0x0000000008003ddc        0x0
 .v4_bx         0x0000000008003ddc        0x0 linker stubs

.iplt           0x0000000008003ddc        0x0
 .iplt          0x0000000008003ddc        0x0 C:/ST/STM32CubeIDE_1.14.0/STM32CubeIDE/plugins/com.st.stm32cube.ide.mcu.externaltools.gnu-tools-for-stm32.11.3.rel1.win32_1.1.100.202309141235/tools/bin/../lib/gcc/arm-none-eabi/11.3.1/thumb/v7e-m+fp/hard/crtbegin.o

.rodata         0x0000000008003ddc       0x20
                0x0000000008003ddc                . = ALIGN (0x4)
 *(.rodata)
 .rodata        0x0000000008003ddc        0x6 ./Example/User/main.o
 *(.rodata*)
 *fill*         0x0000000008003de2        0x2 
 .rodata.AHBPrescTable
                0x0000000008003de4       0x10 ./Drivers/CMSIS/system_stm32f4xx.o
                0x0000000008003de4                AHBPrescTable
 .rodata.flagBitshiftOffset.0
                0x0000000008003df4        0x8 ./Drivers/STM32F4xx_HAL_Driver/stm32f4xx_hal_dma.o
                0x0000000008003dfc                . = ALIGN (0x4)

.ARM.extab      0x0000000008003dfc       0x90
                0x0000000008003dfc                . = ALIGN (0x4)
 *(.ARM.extab* .gnu.linkonce.armextab.*)
 .ARM.extab.text._ZN13DACControllerC2Ev
                0x0000000008003dfc        0xc ./Example/User/main.o
 .ARM.extab.text._ZN13DACController3RunEv
                0x0000000008003e08        0xc ./Example/User/main.o
 .ARM.extab.text._ZN13DACController18SystemClock_ConfigEv
                0x0000000008003e14        0xc ./Example/User/main.o
 .ARM.extab.text._ZN13DACController13Error_HandlerEv
                0x0000000008003e20        0xc ./Example/User/main.o
 .ARM.extab.text._ZN13DACController23DAC_Ch1_EscalatorConfigEv
                0x0000000008003e2c        0xc ./Example/User/main.o
 .ARM.extab.text._ZN13DACController22DAC_Ch1_TriangleConfigEv
                0x0000000008003e38        0xc ./Example/User/main.o
 .ARM.extab.text._ZN13DACController11TIM6_ConfigEv
                0x0000000008003e44        0xc ./Example/User/main.o
 .ARM.extab.text.main
                0x0000000008003e50        0xc ./Example/User/main.o
 .ARM.extab.text.HAL_DAC_MspInit
                0x0000000008003e5c        0xc ./Example/User/stm32f4xx_hal_msp.o
 .ARM.extab.text.HAL_DAC_MspDeInit
                0x0000000008003e68        0xc ./Example/User/stm32f4xx_hal_msp.o
 .ARM.extab     0x0000000008003e74       0x18 C:/ST/STM32CubeIDE_1.14.0/STM32CubeIDE/plugins/com.st.stm32cube.ide.mcu.externaltools.gnu-tools-for-stm32.11.3.rel1.win32_1.1.100.202309141235/tools/bin/../lib/gcc/arm-none-eabi/11.3.1/thumb/v7e-m+fp/hard\libgcc.a(pr-support.o)
                0x0000000008003e8c                . = ALIGN (0x4)

.ARM            0x0000000008003e8c      0x110
                0x0000000008003e8c                . = ALIGN (0x4)
                0x0000000008003e8c                __exidx_start = .
 *(.ARM.exidx*)
 .ARM.exidx     0x0000000008003e8c        0x8 C:/ST/STM32CubeIDE_1.14.0/STM32CubeIDE/plugins/com.st.stm32cube.ide.mcu.externaltools.gnu-tools-for-stm32.11.3.rel1.win32_1.1.100.202309141235/tools/bin/../lib/gcc/arm-none-eabi/11.3.1/thumb/v7e-m+fp/hard\libgcc.a(_udivmoddi4.o)
 .ARM.exidx     0x0000000008003e94       0x78 C:/ST/STM32CubeIDE_1.14.0/STM32CubeIDE/plugins/com.st.stm32cube.ide.mcu.externaltools.gnu-tools-for-stm32.11.3.rel1.win32_1.1.100.202309141235/tools/bin/../lib/gcc/arm-none-eabi/11.3.1/thumb/v7e-m+fp/hard\libgcc.a(unwind-arm.o)
                                         0xd8 (size before relaxing)
 .ARM.exidx     0x0000000008003f0c       0x38 C:/ST/STM32CubeIDE_1.14.0/STM32CubeIDE/plugins/com.st.stm32cube.ide.mcu.externaltools.gnu-tools-for-stm32.11.3.rel1.win32_1.1.100.202309141235/tools/bin/../lib/gcc/arm-none-eabi/11.3.1/thumb/v7e-m+fp/hard\libgcc.a(pr-support.o)
 .ARM.exidx.text._ZN13DACControllerC2Ev
                0x0000000008003f44        0x8 ./Example/User/main.o
 .ARM.exidx.text._ZN13DACController3RunEv
                0x0000000008003f4c        0x8 ./Example/User/main.o
 .ARM.exidx.text._ZN13DACController18SystemClock_ConfigEv
                0x0000000008003f54        0x8 ./Example/User/main.o
 .ARM.exidx.text._ZN13DACController13Error_HandlerEv
                0x0000000008003f5c        0x8 ./Example/User/main.o
 .ARM.exidx.text._ZN13DACController23DAC_Ch1_EscalatorConfigEv
                0x0000000008003f64        0x8 ./Example/User/main.o
 .ARM.exidx.text._ZN13DACController22DAC_Ch1_TriangleConfigEv
                0x0000000008003f6c        0x8 ./Example/User/main.o
 .ARM.exidx.text._ZN13DACController11TIM6_ConfigEv
                0x0000000008003f74        0x8 ./Example/User/main.o
 .ARM.exidx.text.main
                0x0000000008003f7c        0x8 ./Example/User/main.o
 .ARM.exidx.text.HAL_DAC_MspInit
                0x0000000008003f84        0x8 ./Example/User/stm32f4xx_hal_msp.o
 .ARM.exidx.text.HAL_DAC_MspDeInit
                0x0000000008003f8c        0x8 ./Example/User/stm32f4xx_hal_msp.o
 .ARM.exidx.text.HAL_TIM_Base_MspInit
                0x0000000008003f94        0x8 ./Example/User/stm32f4xx_hal_msp.o
                0x0000000008003f9c                __exidx_end = .
                0x0000000008003f9c                . = ALIGN (0x4)

.rel.dyn        0x0000000008003f9c        0x0
 .rel.iplt      0x0000000008003f9c        0x0 C:/ST/STM32CubeIDE_1.14.0/STM32CubeIDE/plugins/com.st.stm32cube.ide.mcu.externaltools.gnu-tools-for-stm32.11.3.rel1.win32_1.1.100.202309141235/tools/bin/../lib/gcc/arm-none-eabi/11.3.1/thumb/v7e-m+fp/hard/crtbegin.o

.preinit_array  0x0000000008003f9c        0x0
                0x0000000008003f9c                . = ALIGN (0x4)
                0x0000000008003f9c                PROVIDE (__preinit_array_start = .)
 *(.preinit_array*)
                0x0000000008003f9c                PROVIDE (__preinit_array_end = .)
                0x0000000008003f9c                . = ALIGN (0x4)

.init_array     0x0000000008003f9c        0x4
                0x0000000008003f9c                . = ALIGN (0x4)
                0x0000000008003f9c                PROVIDE (__init_array_start = .)
 *(SORT_BY_NAME(.init_array.*))
 *(.init_array*)
 .init_array    0x0000000008003f9c        0x4 C:/ST/STM32CubeIDE_1.14.0/STM32CubeIDE/plugins/com.st.stm32cube.ide.mcu.externaltools.gnu-tools-for-stm32.11.3.rel1.win32_1.1.100.202309141235/tools/bin/../lib/gcc/arm-none-eabi/11.3.1/thumb/v7e-m+fp/hard/crtbegin.o
                0x0000000008003fa0                PROVIDE (__init_array_end = .)
                0x0000000008003fa0                . = ALIGN (0x4)

.fini_array     0x0000000008003fa0        0x4
                0x0000000008003fa0                . = ALIGN (0x4)
                [!provide]                        PROVIDE (__fini_array_start = .)
 *(SORT_BY_NAME(.fini_array.*))
 *(.fini_array*)
 .fini_array    0x0000000008003fa0        0x4 C:/ST/STM32CubeIDE_1.14.0/STM32CubeIDE/plugins/com.st.stm32cube.ide.mcu.externaltools.gnu-tools-for-stm32.11.3.rel1.win32_1.1.100.202309141235/tools/bin/../lib/gcc/arm-none-eabi/11.3.1/thumb/v7e-m+fp/hard/crtbegin.o
                [!provide]                        PROVIDE (__fini_array_end = .)
                0x0000000008003fa4                . = ALIGN (0x4)
                0x0000000008003fa4                _sidata = LOADADDR (.data)

.data           0x0000000020000000       0x80 load address 0x0000000008003fa4
                0x0000000020000000                . = ALIGN (0x4)
                0x0000000020000000                _sdata = .
 *(.data)
 *(.data*)
 .data.GPIO_PIN
                0x0000000020000000       0x10 ./Drivers/BSP/STM32469I-Discovery/stm32469i_discovery.o
                0x0000000020000000                GPIO_PIN
 .data.GPIO_PORT
                0x0000000020000010       0x10 ./Drivers/BSP/STM32469I-Discovery/stm32469i_discovery.o
                0x0000000020000010                GPIO_PORT
 .data.BUTTON_PORT
                0x0000000020000020        0x4 ./Drivers/BSP/STM32469I-Discovery/stm32469i_discovery.o
                0x0000000020000020                BUTTON_PORT
 .data.SystemCoreClock
                0x0000000020000024        0x4 ./Drivers/CMSIS/system_stm32f4xx.o
                0x0000000020000024                SystemCoreClock
 .data.uwTickPrio
                0x0000000020000028        0x4 ./Drivers/STM32F4xx_HAL_Driver/stm32f4xx_hal.o
                0x0000000020000028                uwTickPrio
 .data.uwTickFreq
                0x000000002000002c        0x1 ./Drivers/STM32F4xx_HAL_Driver/stm32f4xx_hal.o
                0x000000002000002c                uwTickFreq
 *fill*         0x000000002000002d        0x3 
 .data._impure_data
                0x0000000020000030       0x4c C:/ST/STM32CubeIDE_1.14.0/STM32CubeIDE/plugins/com.st.stm32cube.ide.mcu.externaltools.gnu-tools-for-stm32.11.3.rel1.win32_1.1.100.202309141235/tools/bin/../lib/gcc/arm-none-eabi/11.3.1/../../../../arm-none-eabi/lib/thumb/v7e-m+fp/hard\libc_nano.a(libc_a-impure.o)
                0x0000000020000030                _impure_data
 .data._impure_ptr
                0x000000002000007c        0x4 C:/ST/STM32CubeIDE_1.14.0/STM32CubeIDE/plugins/com.st.stm32cube.ide.mcu.externaltools.gnu-tools-for-stm32.11.3.rel1.win32_1.1.100.202309141235/tools/bin/../lib/gcc/arm-none-eabi/11.3.1/../../../../arm-none-eabi/lib/thumb/v7e-m+fp/hard\libc_nano.a(libc_a-impure.o)
                0x000000002000007c                _impure_ptr
 *(.RamFunc)
 *(.RamFunc*)
                0x0000000020000080                . = ALIGN (0x4)
                0x0000000020000080                _edata = .
                0x0000000008004024                _siccmram = LOADADDR (.ccmram)

.igot.plt       0x0000000020000080        0x0 load address 0x0000000008004024
 .igot.plt      0x0000000020000080        0x0 C:/ST/STM32CubeIDE_1.14.0/STM32CubeIDE/plugins/com.st.stm32cube.ide.mcu.externaltools.gnu-tools-for-stm32.11.3.rel1.win32_1.1.100.202309141235/tools/bin/../lib/gcc/arm-none-eabi/11.3.1/thumb/v7e-m+fp/hard/crtbegin.o

.ccmram         0x0000000010000000        0x0 load address 0x0000000008004024
                0x0000000010000000                . = ALIGN (0x4)
                0x0000000010000000                _sccmram = .
 *(.ccmram)
 *(.ccmram*)
                0x0000000010000000                . = ALIGN (0x4)
                0x0000000010000000                _eccmram = .
                0x0000000010000000                . = ALIGN (0x4)

.bss            0x0000000020000080      0x1bc
                0x0000000020000080                _sbss = .
                0x0000000020000080                __bss_start__ = _sbss
 *(.bss)
 .bss           0x0000000020000080       0x1c C:/ST/STM32CubeIDE_1.14.0/STM32CubeIDE/plugins/com.st.stm32cube.ide.mcu.externaltools.gnu-tools-for-stm32.11.3.rel1.win32_1.1.100.202309141235/tools/bin/../lib/gcc/arm-none-eabi/11.3.1/thumb/v7e-m+fp/hard/crtbegin.o
 *(.bss*)
 .bss.uwTick    0x000000002000009c        0x4 ./Drivers/STM32F4xx_HAL_Driver/stm32f4xx_hal.o
                0x000000002000009c                uwTick
 .bss._ZZ15HAL_DAC_MspInitE9hdma_dac1
                0x00000000200000a0       0x60 ./Example/User/stm32f4xx_hal_msp.o
 .bss.__sf      0x0000000020000100      0x138 C:/ST/STM32CubeIDE_1.14.0/STM32CubeIDE/plugins/com.st.stm32cube.ide.mcu.externaltools.gnu-tools-for-stm32.11.3.rel1.win32_1.1.100.202309141235/tools/bin/../lib/gcc/arm-none-eabi/11.3.1/../../../../arm-none-eabi/lib/thumb/v7e-m+fp/hard\libc_nano.a(libc_a-findfp.o)
                0x0000000020000100                __sf
 .bss.errno     0x0000000020000238        0x4 C:/ST/STM32CubeIDE_1.14.0/STM32CubeIDE/plugins/com.st.stm32cube.ide.mcu.externaltools.gnu-tools-for-stm32.11.3.rel1.win32_1.1.100.202309141235/tools/bin/../lib/gcc/arm-none-eabi/11.3.1/../../../../arm-none-eabi/lib/thumb/v7e-m+fp/hard\libc_nano.a(libc_a-reent.o)
                0x0000000020000238                errno
 *(COMMON)
                0x000000002000023c                . = ALIGN (0x4)
                0x000000002000023c                _ebss = .
                0x000000002000023c                __bss_end__ = _ebss

._user_heap_stack
                0x000000002000023c      0x604
                0x0000000020000240                . = ALIGN (0x8)
 *fill*         0x000000002000023c        0x4 
                [!provide]                        PROVIDE (end = .)
                0x0000000020000240                PROVIDE (_end = .)
                0x0000000020000440                . = (. + _Min_Heap_Size)
 *fill*         0x0000000020000240      0x200 
                0x0000000020000840                . = (. + _Min_Stack_Size)
 *fill*         0x0000000020000440      0x400 
                0x0000000020000840                . = ALIGN (0x8)

/DISCARD/
 libc.a(*)
 libm.a(*)
 libgcc.a(*)

.ARM.attributes
                0x0000000000000000       0x30
 *(.ARM.attributes)
 .ARM.attributes
                0x0000000000000000       0x1e C:/ST/STM32CubeIDE_1.14.0/STM32CubeIDE/plugins/com.st.stm32cube.ide.mcu.externaltools.gnu-tools-for-stm32.11.3.rel1.win32_1.1.100.202309141235/tools/bin/../lib/gcc/arm-none-eabi/11.3.1/thumb/v7e-m+fp/hard/crti.o
 .ARM.attributes
                0x000000000000001e       0x34 C:/ST/STM32CubeIDE_1.14.0/STM32CubeIDE/plugins/com.st.stm32cube.ide.mcu.externaltools.gnu-tools-for-stm32.11.3.rel1.win32_1.1.100.202309141235/tools/bin/../lib/gcc/arm-none-eabi/11.3.1/thumb/v7e-m+fp/hard/crtbegin.o
 .ARM.attributes
                0x0000000000000052       0x34 ./Drivers/BSP/STM32469I-Discovery/stm32469i_discovery.o
 .ARM.attributes
                0x0000000000000086       0x34 ./Drivers/CMSIS/system_stm32f4xx.o
 .ARM.attributes
                0x00000000000000ba       0x34 ./Drivers/STM32F4xx_HAL_Driver/stm32f4xx_hal.o
 .ARM.attributes
                0x00000000000000ee       0x34 ./Drivers/STM32F4xx_HAL_Driver/stm32f4xx_hal_cortex.o
 .ARM.attributes
                0x0000000000000122       0x34 ./Drivers/STM32F4xx_HAL_Driver/stm32f4xx_hal_dac.o
 .ARM.attributes
                0x0000000000000156       0x34 ./Drivers/STM32F4xx_HAL_Driver/stm32f4xx_hal_dac_ex.o
 .ARM.attributes
                0x000000000000018a       0x34 ./Drivers/STM32F4xx_HAL_Driver/stm32f4xx_hal_dma.o
 .ARM.attributes
                0x00000000000001be       0x34 ./Drivers/STM32F4xx_HAL_Driver/stm32f4xx_hal_gpio.o
 .ARM.attributes
                0x00000000000001f2       0x34 ./Drivers/STM32F4xx_HAL_Driver/stm32f4xx_hal_pwr_ex.o
 .ARM.attributes
                0x0000000000000226       0x34 ./Drivers/STM32F4xx_HAL_Driver/stm32f4xx_hal_rcc.o
 .ARM.attributes
                0x000000000000025a       0x34 ./Drivers/STM32F4xx_HAL_Driver/stm32f4xx_hal_rcc_ex.o
 .ARM.attributes
                0x000000000000028e       0x34 ./Drivers/STM32F4xx_HAL_Driver/stm32f4xx_hal_tim.o
 .ARM.attributes
                0x00000000000002c2       0x34 ./Drivers/STM32F4xx_HAL_Driver/stm32f4xx_hal_tim_ex.o
 .ARM.attributes
                0x00000000000002f6       0x21 ./Example/Startup/startup_stm32f469nihx.o
 .ARM.attributes
                0x0000000000000317       0x34 ./Example/User/main.o
 .ARM.attributes
                0x000000000000034b       0x34 ./Example/User/stm32f4xx_hal_msp.o
 .ARM.attributes
                0x000000000000037f       0x34 ./Example/User/stm32f4xx_it.o
 .ARM.attributes
                0x00000000000003b3       0x34 ./Example/User/syscalls.o
 .ARM.attributes
                0x00000000000003e7       0x34 C:/ST/STM32CubeIDE_1.14.0/STM32CubeIDE/plugins/com.st.stm32cube.ide.mcu.externaltools.gnu-tools-for-stm32.11.3.rel1.win32_1.1.100.202309141235/tools/bin/../lib/gcc/arm-none-eabi/11.3.1/../../../../arm-none-eabi/lib/thumb/v7e-m+fp/hard\libc_nano.a(libc_a-findfp.o)
 .ARM.attributes
                0x000000000000041b       0x34 C:/ST/STM32CubeIDE_1.14.0/STM32CubeIDE/plugins/com.st.stm32cube.ide.mcu.externaltools.gnu-tools-for-stm32.11.3.rel1.win32_1.1.100.202309141235/tools/bin/../lib/gcc/arm-none-eabi/11.3.1/../../../../arm-none-eabi/lib/thumb/v7e-m+fp/hard\libc_nano.a(libc_a-reent.o)
 .ARM.attributes
                0x000000000000044f       0x34 C:/ST/STM32CubeIDE_1.14.0/STM32CubeIDE/plugins/com.st.stm32cube.ide.mcu.externaltools.gnu-tools-for-stm32.11.3.rel1.win32_1.1.100.202309141235/tools/bin/../lib/gcc/arm-none-eabi/11.3.1/../../../../arm-none-eabi/lib/thumb/v7e-m+fp/hard\libc_nano.a(libc_a-impure.o)
 .ARM.attributes
                0x0000000000000483       0x34 C:/ST/STM32CubeIDE_1.14.0/STM32CubeIDE/plugins/com.st.stm32cube.ide.mcu.externaltools.gnu-tools-for-stm32.11.3.rel1.win32_1.1.100.202309141235/tools/bin/../lib/gcc/arm-none-eabi/11.3.1/../../../../arm-none-eabi/lib/thumb/v7e-m+fp/hard\libc_nano.a(libc_a-errno.o)
 .ARM.attributes
                0x00000000000004b7       0x34 C:/ST/STM32CubeIDE_1.14.0/STM32CubeIDE/plugins/com.st.stm32cube.ide.mcu.externaltools.gnu-tools-for-stm32.11.3.rel1.win32_1.1.100.202309141235/tools/bin/../lib/gcc/arm-none-eabi/11.3.1/../../../../arm-none-eabi/lib/thumb/v7e-m+fp/hard\libc_nano.a(libc_a-init.o)
 .ARM.attributes
                0x00000000000004eb       0x1e C:/ST/STM32CubeIDE_1.14.0/STM32CubeIDE/plugins/com.st.stm32cube.ide.mcu.externaltools.gnu-tools-for-stm32.11.3.rel1.win32_1.1.100.202309141235/tools/bin/../lib/gcc/arm-none-eabi/11.3.1/thumb/v7e-m+fp/hard\libgcc.a(_aeabi_uldivmod.o)
 .ARM.attributes
                0x0000000000000509       0x34 C:/ST/STM32CubeIDE_1.14.0/STM32CubeIDE/plugins/com.st.stm32cube.ide.mcu.externaltools.gnu-tools-for-stm32.11.3.rel1.win32_1.1.100.202309141235/tools/bin/../lib/gcc/arm-none-eabi/11.3.1/thumb/v7e-m+fp/hard\libgcc.a(_udivmoddi4.o)
 .ARM.attributes
                0x000000000000053d       0x34 C:/ST/STM32CubeIDE_1.14.0/STM32CubeIDE/plugins/com.st.stm32cube.ide.mcu.externaltools.gnu-tools-for-stm32.11.3.rel1.win32_1.1.100.202309141235/tools/bin/../lib/gcc/arm-none-eabi/11.3.1/thumb/v7e-m+fp/hard\libgcc.a(unwind-arm.o)
 .ARM.attributes
                0x0000000000000571       0x1e C:/ST/STM32CubeIDE_1.14.0/STM32CubeIDE/plugins/com.st.stm32cube.ide.mcu.externaltools.gnu-tools-for-stm32.11.3.rel1.win32_1.1.100.202309141235/tools/bin/../lib/gcc/arm-none-eabi/11.3.1/thumb/v7e-m+fp/hard\libgcc.a(libunwind.o)
 .ARM.attributes
                0x000000000000058f       0x34 C:/ST/STM32CubeIDE_1.14.0/STM32CubeIDE/plugins/com.st.stm32cube.ide.mcu.externaltools.gnu-tools-for-stm32.11.3.rel1.win32_1.1.100.202309141235/tools/bin/../lib/gcc/arm-none-eabi/11.3.1/thumb/v7e-m+fp/hard\libgcc.a(pr-support.o)
 .ARM.attributes
                0x00000000000005c3       0x1e C:/ST/STM32CubeIDE_1.14.0/STM32CubeIDE/plugins/com.st.stm32cube.ide.mcu.externaltools.gnu-tools-for-stm32.11.3.rel1.win32_1.1.100.202309141235/tools/bin/../lib/gcc/arm-none-eabi/11.3.1/thumb/v7e-m+fp/hard\libgcc.a(_dvmd_tls.o)
 .ARM.attributes
                0x00000000000005e1       0x34 C:/ST/STM32CubeIDE_1.14.0/STM32CubeIDE/plugins/com.st.stm32cube.ide.mcu.externaltools.gnu-tools-for-stm32.11.3.rel1.win32_1.1.100.202309141235/tools/bin/../lib/gcc/arm-none-eabi/11.3.1/../../../../arm-none-eabi/lib/thumb/v7e-m+fp/hard\libc_nano.a(libc_a-abort.o)
 .ARM.attributes
                0x0000000000000615       0x34 C:/ST/STM32CubeIDE_1.14.0/STM32CubeIDE/plugins/com.st.stm32cube.ide.mcu.externaltools.gnu-tools-for-stm32.11.3.rel1.win32_1.1.100.202309141235/tools/bin/../lib/gcc/arm-none-eabi/11.3.1/../../../../arm-none-eabi/lib/thumb/v7e-m+fp/hard\libc_nano.a(libc_a-signal.o)
 .ARM.attributes
                0x0000000000000649       0x34 C:/ST/STM32CubeIDE_1.14.0/STM32CubeIDE/plugins/com.st.stm32cube.ide.mcu.externaltools.gnu-tools-for-stm32.11.3.rel1.win32_1.1.100.202309141235/tools/bin/../lib/gcc/arm-none-eabi/11.3.1/../../../../arm-none-eabi/lib/thumb/v7e-m+fp/hard\libc_nano.a(libc_a-signalr.o)
 .ARM.attributes
                0x000000000000067d       0x34 C:/ST/STM32CubeIDE_1.14.0/STM32CubeIDE/plugins/com.st.stm32cube.ide.mcu.externaltools.gnu-tools-for-stm32.11.3.rel1.win32_1.1.100.202309141235/tools/bin/../lib/gcc/arm-none-eabi/11.3.1/../../../../arm-none-eabi/lib/thumb/v7e-m+fp/hard\libc_nano.a(libc_a-memcpy-stub.o)
 .ARM.attributes
                0x00000000000006b1       0x1e C:/ST/STM32CubeIDE_1.14.0/STM32CubeIDE/plugins/com.st.stm32cube.ide.mcu.externaltools.gnu-tools-for-stm32.11.3.rel1.win32_1.1.100.202309141235/tools/bin/../lib/gcc/arm-none-eabi/11.3.1/thumb/v7e-m+fp/hard/crtn.o
OUTPUT(DAC_SignalsGeneration.elf elf32-littlearm)
LOAD linker stubs
LOAD C:/ST/STM32CubeIDE_1.14.0/STM32CubeIDE/plugins/com.st.stm32cube.ide.mcu.externaltools.gnu-tools-for-stm32.11.3.rel1.win32_1.1.100.202309141235/tools/bin/../lib/gcc/arm-none-eabi/11.3.1/../../../../arm-none-eabi/lib/thumb/v7e-m+fp/hard\libc.a
LOAD C:/ST/STM32CubeIDE_1.14.0/STM32CubeIDE/plugins/com.st.stm32cube.ide.mcu.externaltools.gnu-tools-for-stm32.11.3.rel1.win32_1.1.100.202309141235/tools/bin/../lib/gcc/arm-none-eabi/11.3.1/../../../../arm-none-eabi/lib/thumb/v7e-m+fp/hard\libm.a
LOAD C:/ST/STM32CubeIDE_1.14.0/STM32CubeIDE/plugins/com.st.stm32cube.ide.mcu.externaltools.gnu-tools-for-stm32.11.3.rel1.win32_1.1.100.202309141235/tools/bin/../lib/gcc/arm-none-eabi/11.3.1/thumb/v7e-m+fp/hard\libgcc.a

.comment        0x0000000000000000       0x43
 .comment       0x0000000000000000       0x43 C:/ST/STM32CubeIDE_1.14.0/STM32CubeIDE/plugins/com.st.stm32cube.ide.mcu.externaltools.gnu-tools-for-stm32.11.3.rel1.win32_1.1.100.202309141235/tools/bin/../lib/gcc/arm-none-eabi/11.3.1/thumb/v7e-m+fp/hard/crtbegin.o
                                         0x44 (size before relaxing)
 .comment       0x0000000000000043       0x44 ./Drivers/BSP/STM32469I-Discovery/stm32469i_discovery.o
 .comment       0x0000000000000043       0x44 ./Drivers/CMSIS/system_stm32f4xx.o
 .comment       0x0000000000000043       0x44 ./Drivers/STM32F4xx_HAL_Driver/stm32f4xx_hal.o
 .comment       0x0000000000000043       0x44 ./Drivers/STM32F4xx_HAL_Driver/stm32f4xx_hal_cortex.o
 .comment       0x0000000000000043       0x44 ./Drivers/STM32F4xx_HAL_Driver/stm32f4xx_hal_dac.o
 .comment       0x0000000000000043       0x44 ./Drivers/STM32F4xx_HAL_Driver/stm32f4xx_hal_dac_ex.o
 .comment       0x0000000000000043       0x44 ./Drivers/STM32F4xx_HAL_Driver/stm32f4xx_hal_dma.o
 .comment       0x0000000000000043       0x44 ./Drivers/STM32F4xx_HAL_Driver/stm32f4xx_hal_gpio.o
 .comment       0x0000000000000043       0x44 ./Drivers/STM32F4xx_HAL_Driver/stm32f4xx_hal_pwr_ex.o
 .comment       0x0000000000000043       0x44 ./Drivers/STM32F4xx_HAL_Driver/stm32f4xx_hal_rcc.o
 .comment       0x0000000000000043       0x44 ./Drivers/STM32F4xx_HAL_Driver/stm32f4xx_hal_rcc_ex.o
 .comment       0x0000000000000043       0x44 ./Drivers/STM32F4xx_HAL_Driver/stm32f4xx_hal_tim.o
 .comment       0x0000000000000043       0x44 ./Drivers/STM32F4xx_HAL_Driver/stm32f4xx_hal_tim_ex.o
 .comment       0x0000000000000043       0x44 ./Example/User/main.o
 .comment       0x0000000000000043       0x44 ./Example/User/stm32f4xx_hal_msp.o
 .comment       0x0000000000000043       0x44 ./Example/User/stm32f4xx_it.o
 .comment       0x0000000000000043       0x44 ./Example/User/syscalls.o

.debug_info     0x0000000000000000     0xd3fd
 .debug_info    0x0000000000000000     0x1785 ./Drivers/BSP/STM32469I-Discovery/stm32469i_discovery.o
 .debug_info    0x0000000000001785      0x52e ./Drivers/CMSIS/system_stm32f4xx.o
 .debug_info    0x0000000000001cb3      0x9c6 ./Drivers/STM32F4xx_HAL_Driver/stm32f4xx_hal.o
 .debug_info    0x0000000000002679      0xd99 ./Drivers/STM32F4xx_HAL_Driver/stm32f4xx_hal_cortex.o
 .debug_info    0x0000000000003412      0xa01 ./Drivers/STM32F4xx_HAL_Driver/stm32f4xx_hal_dac.o
 .debug_info    0x0000000000003e13      0x750 ./Drivers/STM32F4xx_HAL_Driver/stm32f4xx_hal_dac_ex.o
 .debug_info    0x0000000000004563      0x8e7 ./Drivers/STM32F4xx_HAL_Driver/stm32f4xx_hal_dma.o
 .debug_info    0x0000000000004e4a      0x6db ./Drivers/STM32F4xx_HAL_Driver/stm32f4xx_hal_gpio.o
 .debug_info    0x0000000000005525      0x6be ./Drivers/STM32F4xx_HAL_Driver/stm32f4xx_hal_pwr_ex.o
 .debug_info    0x0000000000005be3      0x8d5 ./Drivers/STM32F4xx_HAL_Driver/stm32f4xx_hal_rcc.o
 .debug_info    0x00000000000064b8      0x84d ./Drivers/STM32F4xx_HAL_Driver/stm32f4xx_hal_rcc_ex.o
 .debug_info    0x0000000000006d05     0x299d ./Drivers/STM32F4xx_HAL_Driver/stm32f4xx_hal_tim.o
 .debug_info    0x00000000000096a2     0x14db ./Drivers/STM32F4xx_HAL_Driver/stm32f4xx_hal_tim_ex.o
 .debug_info    0x000000000000ab7d       0x23 ./Example/Startup/startup_stm32f469nihx.o
 .debug_info    0x000000000000aba0     0x1146 ./Example/User/main.o
 .debug_info    0x000000000000bce6      0xf2a ./Example/User/stm32f4xx_hal_msp.o
 .debug_info    0x000000000000cc10      0x14a ./Example/User/stm32f4xx_it.o
 .debug_info    0x000000000000cd5a      0x6a3 ./Example/User/syscalls.o

.debug_abbrev   0x0000000000000000     0x2407
 .debug_abbrev  0x0000000000000000      0x302 ./Drivers/BSP/STM32469I-Discovery/stm32469i_discovery.o
 .debug_abbrev  0x0000000000000302      0x11a ./Drivers/CMSIS/system_stm32f4xx.o
 .debug_abbrev  0x000000000000041c      0x214 ./Drivers/STM32F4xx_HAL_Driver/stm32f4xx_hal.o
 .debug_abbrev  0x0000000000000630      0x328 ./Drivers/STM32F4xx_HAL_Driver/stm32f4xx_hal_cortex.o
 .debug_abbrev  0x0000000000000958      0x1fa ./Drivers/STM32F4xx_HAL_Driver/stm32f4xx_hal_dac.o
 .debug_abbrev  0x0000000000000b52      0x1ef ./Drivers/STM32F4xx_HAL_Driver/stm32f4xx_hal_dac_ex.o
 .debug_abbrev  0x0000000000000d41      0x264 ./Drivers/STM32F4xx_HAL_Driver/stm32f4xx_hal_dma.o
 .debug_abbrev  0x0000000000000fa5      0x1d4 ./Drivers/STM32F4xx_HAL_Driver/stm32f4xx_hal_gpio.o
 .debug_abbrev  0x0000000000001179      0x1cf ./Drivers/STM32F4xx_HAL_Driver/stm32f4xx_hal_pwr_ex.o
 .debug_abbrev  0x0000000000001348      0x2b6 ./Drivers/STM32F4xx_HAL_Driver/stm32f4xx_hal_rcc.o
 .debug_abbrev  0x00000000000015fe      0x1e4 ./Drivers/STM32F4xx_HAL_Driver/stm32f4xx_hal_rcc_ex.o
 .debug_abbrev  0x00000000000017e2      0x278 ./Drivers/STM32F4xx_HAL_Driver/stm32f4xx_hal_tim.o
 .debug_abbrev  0x0000000000001a5a      0x283 ./Drivers/STM32F4xx_HAL_Driver/stm32f4xx_hal_tim_ex.o
 .debug_abbrev  0x0000000000001cdd       0x12 ./Example/Startup/startup_stm32f469nihx.o
 .debug_abbrev  0x0000000000001cef      0x2b7 ./Example/User/main.o
 .debug_abbrev  0x0000000000001fa6      0x20b ./Example/User/stm32f4xx_hal_msp.o
 .debug_abbrev  0x00000000000021b1       0xa0 ./Example/User/stm32f4xx_it.o
 .debug_abbrev  0x0000000000002251      0x1b6 ./Example/User/syscalls.o

.debug_aranges  0x0000000000000000      0xe18
 .debug_aranges
                0x0000000000000000      0x150 ./Drivers/BSP/STM32469I-Discovery/stm32469i_discovery.o
 .debug_aranges
                0x0000000000000150       0x28 ./Drivers/CMSIS/system_stm32f4xx.o
 .debug_aranges
                0x0000000000000178      0x100 ./Drivers/STM32F4xx_HAL_Driver/stm32f4xx_hal.o
 .debug_aranges
                0x0000000000000278      0x120 ./Drivers/STM32F4xx_HAL_Driver/stm32f4xx_hal_cortex.o
 .debug_aranges
                0x0000000000000398       0xc0 ./Drivers/STM32F4xx_HAL_Driver/stm32f4xx_hal_dac.o
 .debug_aranges
                0x0000000000000458       0x80 ./Drivers/STM32F4xx_HAL_Driver/stm32f4xx_hal_dac_ex.o
 .debug_aranges
                0x00000000000004d8       0x90 ./Drivers/STM32F4xx_HAL_Driver/stm32f4xx_hal_dma.o
 .debug_aranges
                0x0000000000000568       0x58 ./Drivers/STM32F4xx_HAL_Driver/stm32f4xx_hal_gpio.o
 .debug_aranges
                0x00000000000005c0       0x60 ./Drivers/STM32F4xx_HAL_Driver/stm32f4xx_hal_pwr_ex.o
 .debug_aranges
                0x0000000000000620       0x88 ./Drivers/STM32F4xx_HAL_Driver/stm32f4xx_hal_rcc.o
 .debug_aranges
                0x00000000000006a8       0x70 ./Drivers/STM32F4xx_HAL_Driver/stm32f4xx_hal_rcc_ex.o
 .debug_aranges
                0x0000000000000718      0x3d0 ./Drivers/STM32F4xx_HAL_Driver/stm32f4xx_hal_tim.o
 .debug_aranges
                0x0000000000000ae8      0x168 ./Drivers/STM32F4xx_HAL_Driver/stm32f4xx_hal_tim_ex.o
 .debug_aranges
                0x0000000000000c50       0x28 ./Example/Startup/startup_stm32f469nihx.o
 .debug_aranges
                0x0000000000000c78       0x58 ./Example/User/main.o
 .debug_aranges
                0x0000000000000cd0       0x38 ./Example/User/stm32f4xx_hal_msp.o
 .debug_aranges
                0x0000000000000d08       0x68 ./Example/User/stm32f4xx_it.o
 .debug_aranges
                0x0000000000000d70       0xa8 ./Example/User/syscalls.o

.debug_rnglists
                0x0000000000000000      0xac3
 .debug_rnglists
                0x0000000000000000       0xfb ./Drivers/BSP/STM32469I-Discovery/stm32469i_discovery.o
 .debug_rnglists
                0x00000000000000fb       0x1a ./Drivers/CMSIS/system_stm32f4xx.o
 .debug_rnglists
                0x0000000000000115       0xbb ./Drivers/STM32F4xx_HAL_Driver/stm32f4xx_hal.o
 .debug_rnglists
                0x00000000000001d0       0xd4 ./Drivers/STM32F4xx_HAL_Driver/stm32f4xx_hal_cortex.o
 .debug_rnglists
                0x00000000000002a4       0x90 ./Drivers/STM32F4xx_HAL_Driver/stm32f4xx_hal_dac.o
 .debug_rnglists
                0x0000000000000334       0x5c ./Drivers/STM32F4xx_HAL_Driver/stm32f4xx_hal_dac_ex.o
 .debug_rnglists
                0x0000000000000390       0x70 ./Drivers/STM32F4xx_HAL_Driver/stm32f4xx_hal_dma.o
 .debug_rnglists
                0x0000000000000400       0x3f ./Drivers/STM32F4xx_HAL_Driver/stm32f4xx_hal_gpio.o
 .debug_rnglists
                0x000000000000043f       0x47 ./Drivers/STM32F4xx_HAL_Driver/stm32f4xx_hal_pwr_ex.o
 .debug_rnglists
                0x0000000000000486       0x66 ./Drivers/STM32F4xx_HAL_Driver/stm32f4xx_hal_rcc.o
 .debug_rnglists
                0x00000000000004ec       0x57 ./Drivers/STM32F4xx_HAL_Driver/stm32f4xx_hal_rcc_ex.o
 .debug_rnglists
                0x0000000000000543      0x31a ./Drivers/STM32F4xx_HAL_Driver/stm32f4xx_hal_tim.o
 .debug_rnglists
                0x000000000000085d      0x125 ./Drivers/STM32F4xx_HAL_Driver/stm32f4xx_hal_tim_ex.o
 .debug_rnglists
                0x0000000000000982       0x19 ./Example/Startup/startup_stm32f469nihx.o
 .debug_rnglists
                0x000000000000099b       0x40 ./Example/User/main.o
 .debug_rnglists
                0x00000000000009db       0x26 ./Example/User/stm32f4xx_hal_msp.o
 .debug_rnglists
                0x0000000000000a01       0x49 ./Example/User/stm32f4xx_it.o
 .debug_rnglists
                0x0000000000000a4a       0x79 ./Example/User/syscalls.o

.debug_macro    0x0000000000000000    0x2c2bf
 .debug_macro   0x0000000000000000      0x214 ./Drivers/BSP/STM32469I-Discovery/stm32469i_discovery.o
 .debug_macro   0x0000000000000214      0xaa8 ./Drivers/BSP/STM32469I-Discovery/stm32469i_discovery.o
 .debug_macro   0x0000000000000cbc      0x1ac ./Drivers/BSP/STM32469I-Discovery/stm32469i_discovery.o
 .debug_macro   0x0000000000000e68       0x2e ./Drivers/BSP/STM32469I-Discovery/stm32469i_discovery.o
 .debug_macro   0x0000000000000e96       0x28 ./Drivers/BSP/STM32469I-Discovery/stm32469i_discovery.o
 .debug_macro   0x0000000000000ebe       0x22 ./Drivers/BSP/STM32469I-Discovery/stm32469i_discovery.o
 .debug_macro   0x0000000000000ee0       0x8e ./Drivers/BSP/STM32469I-Discovery/stm32469i_discovery.o
 .debug_macro   0x0000000000000f6e       0x51 ./Drivers/BSP/STM32469I-Discovery/stm32469i_discovery.o
 .debug_macro   0x0000000000000fbf      0x103 ./Drivers/BSP/STM32469I-Discovery/stm32469i_discovery.o
 .debug_macro   0x00000000000010c2       0x6a ./Drivers/BSP/STM32469I-Discovery/stm32469i_discovery.o
 .debug_macro   0x000000000000112c      0x1df ./Drivers/BSP/STM32469I-Discovery/stm32469i_discovery.o
 .debug_macro   0x000000000000130b       0x1c ./Drivers/BSP/STM32469I-Discovery/stm32469i_discovery.o
 .debug_macro   0x0000000000001327       0x22 ./Drivers/BSP/STM32469I-Discovery/stm32469i_discovery.o
 .debug_macro   0x0000000000001349       0xfb ./Drivers/BSP/STM32469I-Discovery/stm32469i_discovery.o
 .debug_macro   0x0000000000001444     0x1011 ./Drivers/BSP/STM32469I-Discovery/stm32469i_discovery.o
 .debug_macro   0x0000000000002455      0x11f ./Drivers/BSP/STM32469I-Discovery/stm32469i_discovery.o
 .debug_macro   0x0000000000002574    0x1d76d ./Drivers/BSP/STM32469I-Discovery/stm32469i_discovery.o
 .debug_macro   0x000000000001fce1       0x6d ./Drivers/BSP/STM32469I-Discovery/stm32469i_discovery.o
 .debug_macro   0x000000000001fd4e     0x3703 ./Drivers/BSP/STM32469I-Discovery/stm32469i_discovery.o
 .debug_macro   0x0000000000023451      0x174 ./Drivers/BSP/STM32469I-Discovery/stm32469i_discovery.o
 .debug_macro   0x00000000000235c5       0x5c ./Drivers/BSP/STM32469I-Discovery/stm32469i_discovery.o
 .debug_macro   0x0000000000023621      0xde0 ./Drivers/BSP/STM32469I-Discovery/stm32469i_discovery.o
 .debug_macro   0x0000000000024401      0x9e9 ./Drivers/BSP/STM32469I-Discovery/stm32469i_discovery.o
 .debug_macro   0x0000000000024dea      0x115 ./Drivers/BSP/STM32469I-Discovery/stm32469i_discovery.o
 .debug_macro   0x0000000000024eff      0x192 ./Drivers/BSP/STM32469I-Discovery/stm32469i_discovery.o
 .debug_macro   0x0000000000025091       0xa5 ./Drivers/BSP/STM32469I-Discovery/stm32469i_discovery.o
 .debug_macro   0x0000000000025136      0x287 ./Drivers/BSP/STM32469I-Discovery/stm32469i_discovery.o
 .debug_macro   0x00000000000253bd       0x5f ./Drivers/BSP/STM32469I-Discovery/stm32469i_discovery.o
 .debug_macro   0x000000000002541c      0x236 ./Drivers/BSP/STM32469I-Discovery/stm32469i_discovery.o
 .debug_macro   0x0000000000025652      0x122 ./Drivers/BSP/STM32469I-Discovery/stm32469i_discovery.o
 .debug_macro   0x0000000000025774       0xa6 ./Drivers/BSP/STM32469I-Discovery/stm32469i_discovery.o
 .debug_macro   0x000000000002581a      0x132 ./Drivers/BSP/STM32469I-Discovery/stm32469i_discovery.o
 .debug_macro   0x000000000002594c      0x41d ./Drivers/BSP/STM32469I-Discovery/stm32469i_discovery.o
 .debug_macro   0x0000000000025d69       0x2e ./Drivers/BSP/STM32469I-Discovery/stm32469i_discovery.o
 .debug_macro   0x0000000000025d97      0x1b5 ./Drivers/BSP/STM32469I-Discovery/stm32469i_discovery.o
 .debug_macro   0x0000000000025f4c       0x22 ./Drivers/BSP/STM32469I-Discovery/stm32469i_discovery.o
 .debug_macro   0x0000000000025f6e       0xd6 ./Drivers/BSP/STM32469I-Discovery/stm32469i_discovery.o
 .debug_macro   0x0000000000026044      0x127 ./Drivers/BSP/STM32469I-Discovery/stm32469i_discovery.o
 .debug_macro   0x000000000002616b       0xe2 ./Drivers/BSP/STM32469I-Discovery/stm32469i_discovery.o
 .debug_macro   0x000000000002624d       0x89 ./Drivers/BSP/STM32469I-Discovery/stm32469i_discovery.o
 .debug_macro   0x00000000000262d6      0x8ed ./Drivers/BSP/STM32469I-Discovery/stm32469i_discovery.o
 .debug_macro   0x0000000000026bc3       0x4d ./Drivers/BSP/STM32469I-Discovery/stm32469i_discovery.o
 .debug_macro   0x0000000000026c10      0x134 ./Drivers/BSP/STM32469I-Discovery/stm32469i_discovery.o
 .debug_macro   0x0000000000026d44      0x232 ./Drivers/BSP/STM32469I-Discovery/stm32469i_discovery.o
 .debug_macro   0x0000000000026f76      0x1ed ./Drivers/CMSIS/system_stm32f4xx.o
 .debug_macro   0x0000000000027163      0x247 ./Drivers/STM32F4xx_HAL_Driver/stm32f4xx_hal.o
 .debug_macro   0x00000000000273aa      0x1e7 ./Drivers/STM32F4xx_HAL_Driver/stm32f4xx_hal_cortex.o
 .debug_macro   0x0000000000027591      0x1e8 ./Drivers/STM32F4xx_HAL_Driver/stm32f4xx_hal_dac.o
 .debug_macro   0x0000000000027779      0x1e7 ./Drivers/STM32F4xx_HAL_Driver/stm32f4xx_hal_dac_ex.o
 .debug_macro   0x0000000000027960      0x1ed ./Drivers/STM32F4xx_HAL_Driver/stm32f4xx_hal_dma.o
 .debug_macro   0x0000000000027b4d      0x1ed ./Drivers/STM32F4xx_HAL_Driver/stm32f4xx_hal_gpio.o
 .debug_macro   0x0000000000027d3a      0x1ff ./Drivers/STM32F4xx_HAL_Driver/stm32f4xx_hal_pwr_ex.o
 .debug_macro   0x0000000000027f39      0x20b ./Drivers/STM32F4xx_HAL_Driver/stm32f4xx_hal_rcc.o
 .debug_macro   0x0000000000028144      0x1e7 ./Drivers/STM32F4xx_HAL_Driver/stm32f4xx_hal_rcc_ex.o
 .debug_macro   0x000000000002832b      0x1e8 ./Drivers/STM32F4xx_HAL_Driver/stm32f4xx_hal_tim.o
 .debug_macro   0x0000000000028513      0x1e7 ./Drivers/STM32F4xx_HAL_Driver/stm32f4xx_hal_tim_ex.o
 .debug_macro   0x00000000000286fa      0x204 ./Example/User/main.o
 .debug_macro   0x00000000000288fe      0xc0a ./Example/User/main.o
 .debug_macro   0x0000000000029508       0x1c ./Example/User/main.o
 .debug_macro   0x0000000000029524     0x1011 ./Example/User/main.o
 .debug_macro   0x000000000002a535      0x17b ./Example/User/main.o
 .debug_macro   0x000000000002a6b0      0x238 ./Example/User/main.o
 .debug_macro   0x000000000002a8e8       0x52 ./Example/User/main.o
 .debug_macro   0x000000000002a93a      0x204 ./Example/User/stm32f4xx_hal_msp.o
 .debug_macro   0x000000000002ab3e      0x209 ./Example/User/stm32f4xx_it.o
 .debug_macro   0x000000000002ad47      0x274 ./Example/User/syscalls.o
 .debug_macro   0x000000000002afbb       0x5b ./Example/User/syscalls.o
 .debug_macro   0x000000000002b016       0x2a ./Example/User/syscalls.o
 .debug_macro   0x000000000002b040       0x94 ./Example/User/syscalls.o
 .debug_macro   0x000000000002b0d4       0x43 ./Example/User/syscalls.o
 .debug_macro   0x000000000002b117       0x34 ./Example/User/syscalls.o
 .debug_macro   0x000000000002b14b       0x57 ./Example/User/syscalls.o
 .debug_macro   0x000000000002b1a2      0x369 ./Example/User/syscalls.o
 .debug_macro   0x000000000002b50b       0x16 ./Example/User/syscalls.o
 .debug_macro   0x000000000002b521       0x43 ./Example/User/syscalls.o
 .debug_macro   0x000000000002b564       0x34 ./Example/User/syscalls.o
 .debug_macro   0x000000000002b598       0x10 ./Example/User/syscalls.o
 .debug_macro   0x000000000002b5a8       0x58 ./Example/User/syscalls.o
 .debug_macro   0x000000000002b600       0x8e ./Example/User/syscalls.o
 .debug_macro   0x000000000002b68e       0x1c ./Example/User/syscalls.o
 .debug_macro   0x000000000002b6aa      0x177 ./Example/User/syscalls.o
 .debug_macro   0x000000000002b821       0x10 ./Example/User/syscalls.o
 .debug_macro   0x000000000002b831       0x35 ./Example/User/syscalls.o
 .debug_macro   0x000000000002b866       0x10 ./Example/User/syscalls.o
 .debug_macro   0x000000000002b876       0x10 ./Example/User/syscalls.o
 .debug_macro   0x000000000002b886       0x10 ./Example/User/syscalls.o
 .debug_macro   0x000000000002b896       0x1c ./Example/User/syscalls.o
 .debug_macro   0x000000000002b8b2       0x52 ./Example/User/syscalls.o
 .debug_macro   0x000000000002b904       0x22 ./Example/User/syscalls.o
 .debug_macro   0x000000000002b926       0x10 ./Example/User/syscalls.o
 .debug_macro   0x000000000002b936       0x52 ./Example/User/syscalls.o
 .debug_macro   0x000000000002b988       0xcf ./Example/User/syscalls.o
 .debug_macro   0x000000000002ba57       0x1c ./Example/User/syscalls.o
 .debug_macro   0x000000000002ba73       0x3d ./Example/User/syscalls.o
 .debug_macro   0x000000000002bab0       0x35 ./Example/User/syscalls.o
 .debug_macro   0x000000000002bae5      0x12c ./Example/User/syscalls.o
 .debug_macro   0x000000000002bc11       0x16 ./Example/User/syscalls.o
 .debug_macro   0x000000000002bc27       0x16 ./Example/User/syscalls.o
 .debug_macro   0x000000000002bc3d       0x29 ./Example/User/syscalls.o
 .debug_macro   0x000000000002bc66       0x10 ./Example/User/syscalls.o
 .debug_macro   0x000000000002bc76      0x242 ./Example/User/syscalls.o
 .debug_macro   0x000000000002beb8       0x1c ./Example/User/syscalls.o
 .debug_macro   0x000000000002bed4       0x10 ./Example/User/syscalls.o
 .debug_macro   0x000000000002bee4       0x10 ./Example/User/syscalls.o
 .debug_macro   0x000000000002bef4       0x16 ./Example/User/syscalls.o
 .debug_macro   0x000000000002bf0a      0x147 ./Example/User/syscalls.o
 .debug_macro   0x000000000002c051      0x18a ./Example/User/syscalls.o
 .debug_macro   0x000000000002c1db       0x16 ./Example/User/syscalls.o
 .debug_macro   0x000000000002c1f1       0xce ./Example/User/syscalls.o

.debug_line     0x0000000000000000    0x100a4
 .debug_line    0x0000000000000000      0xcff ./Drivers/BSP/STM32469I-Discovery/stm32469i_discovery.o
 .debug_line    0x0000000000000cff      0x86d ./Drivers/CMSIS/system_stm32f4xx.o
 .debug_line    0x000000000000156c      0xaed ./Drivers/STM32F4xx_HAL_Driver/stm32f4xx_hal.o
 .debug_line    0x0000000000002059      0xd83 ./Drivers/STM32F4xx_HAL_Driver/stm32f4xx_hal_cortex.o
 .debug_line    0x0000000000002ddc      0xc2b ./Drivers/STM32F4xx_HAL_Driver/stm32f4xx_hal_dac.o
 .debug_line    0x0000000000003a07      0xa15 ./Drivers/STM32F4xx_HAL_Driver/stm32f4xx_hal_dac_ex.o
 .debug_line    0x000000000000441c     0x101b ./Drivers/STM32F4xx_HAL_Driver/stm32f4xx_hal_dma.o
 .debug_line    0x0000000000005437      0xc53 ./Drivers/STM32F4xx_HAL_Driver/stm32f4xx_hal_gpio.o
 .debug_line    0x000000000000608a      0x9e0 ./Drivers/STM32F4xx_HAL_Driver/stm32f4xx_hal_pwr_ex.o
 .debug_line    0x0000000000006a6a      0xe3c ./Drivers/STM32F4xx_HAL_Driver/stm32f4xx_hal_rcc.o
 .debug_line    0x00000000000078a6     0x10c5 ./Drivers/STM32F4xx_HAL_Driver/stm32f4xx_hal_rcc_ex.o
 .debug_line    0x000000000000896b     0x3843 ./Drivers/STM32F4xx_HAL_Driver/stm32f4xx_hal_tim.o
 .debug_line    0x000000000000c1ae     0x1ab3 ./Drivers/STM32F4xx_HAL_Driver/stm32f4xx_hal_tim_ex.o
 .debug_line    0x000000000000dc61       0x7a ./Example/Startup/startup_stm32f469nihx.o
 .debug_line    0x000000000000dcdb      0x9ab ./Example/User/main.o
 .debug_line    0x000000000000e686      0x88c ./Example/User/stm32f4xx_hal_msp.o
 .debug_line    0x000000000000ef12      0x8dc ./Example/User/stm32f4xx_it.o
 .debug_line    0x000000000000f7ee      0x8b6 ./Example/User/syscalls.o

.debug_str      0x0000000000000000    0xfab56
 .debug_str     0x0000000000000000    0xf0fe3 ./Drivers/BSP/STM32469I-Discovery/stm32469i_discovery.o
                                      0xf145a (size before relaxing)
 .debug_str     0x00000000000f0fe3      0x130 ./Drivers/CMSIS/system_stm32f4xx.o
                                      0xef6b2 (size before relaxing)
 .debug_str     0x00000000000f1113      0x6a9 ./Drivers/STM32F4xx_HAL_Driver/stm32f4xx_hal.o
                                      0xf02db (size before relaxing)
 .debug_str     0x00000000000f17bc      0x37f ./Drivers/STM32F4xx_HAL_Driver/stm32f4xx_hal_cortex.o
                                      0xeffd7 (size before relaxing)
 .debug_str     0x00000000000f1b3b      0x3be ./Drivers/STM32F4xx_HAL_Driver/stm32f4xx_hal_dac.o
                                      0xefb11 (size before relaxing)
 .debug_str     0x00000000000f1ef9      0x185 ./Drivers/STM32F4xx_HAL_Driver/stm32f4xx_hal_dac_ex.o
                                      0xef9ec (size before relaxing)
 .debug_str     0x00000000000f207e      0x34b ./Drivers/STM32F4xx_HAL_Driver/stm32f4xx_hal_dma.o
                                      0xefaa9 (size before relaxing)
 .debug_str     0x00000000000f23c9      0x142 ./Drivers/STM32F4xx_HAL_Driver/stm32f4xx_hal_gpio.o
                                      0xef81d (size before relaxing)
 .debug_str     0x00000000000f250b      0x172 ./Drivers/STM32F4xx_HAL_Driver/stm32f4xx_hal_pwr_ex.o
                                      0xef87a (size before relaxing)
 .debug_str     0x00000000000f267d      0x378 ./Drivers/STM32F4xx_HAL_Driver/stm32f4xx_hal_rcc.o
                                      0xefadb (size before relaxing)
 .debug_str     0x00000000000f29f5      0x294 ./Drivers/STM32F4xx_HAL_Driver/stm32f4xx_hal_rcc_ex.o
                                      0xef9f7 (size before relaxing)
 .debug_str     0x00000000000f2c89     0x109e ./Drivers/STM32F4xx_HAL_Driver/stm32f4xx_hal_tim.o
                                      0xf0a19 (size before relaxing)
 .debug_str     0x00000000000f3d27      0x530 ./Drivers/STM32F4xx_HAL_Driver/stm32f4xx_hal_tim_ex.o
                                      0xf0225 (size before relaxing)
 .debug_str     0x00000000000f4257       0x37 ./Example/Startup/startup_stm32f469nihx.o
                                         0x92 (size before relaxing)
 .debug_str     0x00000000000f428e      0xf11 ./Example/User/main.o
                                      0xf19ba (size before relaxing)
 .debug_str     0x00000000000f519f       0x97 ./Example/User/stm32f4xx_hal_msp.o
                                      0xf1a8d (size before relaxing)
 .debug_str     0x00000000000f5236      0x10e ./Example/User/stm32f4xx_it.o
                                      0xf047d (size before relaxing)
 .debug_str     0x00000000000f5344     0x5812 ./Example/User/syscalls.o
                                       0x98ca (size before relaxing)

.debug_frame    0x0000000000000000     0x40e8
 .debug_frame   0x0000000000000000      0x55c ./Drivers/BSP/STM32469I-Discovery/stm32469i_discovery.o
 .debug_frame   0x000000000000055c       0x58 ./Drivers/CMSIS/system_stm32f4xx.o
 .debug_frame   0x00000000000005b4      0x3b4 ./Drivers/STM32F4xx_HAL_Driver/stm32f4xx_hal.o
 .debug_frame   0x0000000000000968      0x4b8 ./Drivers/STM32F4xx_HAL_Driver/stm32f4xx_hal_cortex.o
 .debug_frame   0x0000000000000e20      0x338 ./Drivers/STM32F4xx_HAL_Driver/stm32f4xx_hal_dac.o
 .debug_frame   0x0000000000001158      0x20c ./Drivers/STM32F4xx_HAL_Driver/stm32f4xx_hal_dac_ex.o
 .debug_frame   0x0000000000001364      0x250 ./Drivers/STM32F4xx_HAL_Driver/stm32f4xx_hal_dma.o
 .debug_frame   0x00000000000015b4      0x14c ./Drivers/STM32F4xx_HAL_Driver/stm32f4xx_hal_gpio.o
 .debug_frame   0x0000000000001700      0x14c ./Drivers/STM32F4xx_HAL_Driver/stm32f4xx_hal_pwr_ex.o
 .debug_frame   0x000000000000184c      0x1f4 ./Drivers/STM32F4xx_HAL_Driver/stm32f4xx_hal_rcc.o
 .debug_frame   0x0000000000001a40      0x1b4 ./Drivers/STM32F4xx_HAL_Driver/stm32f4xx_hal_rcc_ex.o
 .debug_frame   0x0000000000001bf4     0x11c0 ./Drivers/STM32F4xx_HAL_Driver/stm32f4xx_hal_tim.o
 .debug_frame   0x0000000000002db4      0x638 ./Drivers/STM32F4xx_HAL_Driver/stm32f4xx_hal_tim_ex.o
 .debug_frame   0x00000000000033ec      0x128 ./Example/User/main.o
 .debug_frame   0x0000000000003514       0xa8 ./Example/User/stm32f4xx_hal_msp.o
 .debug_frame   0x00000000000035bc      0x128 ./Example/User/stm32f4xx_it.o
 .debug_frame   0x00000000000036e4      0x2ac ./Example/User/syscalls.o
 .debug_frame   0x0000000000003990      0x144 C:/ST/STM32CubeIDE_1.14.0/STM32CubeIDE/plugins/com.st.stm32cube.ide.mcu.externaltools.gnu-tools-for-stm32.11.3.rel1.win32_1.1.100.202309141235/tools/bin/../lib/gcc/arm-none-eabi/11.3.1/../../../../arm-none-eabi/lib/thumb/v7e-m+fp/hard\libc_nano.a(libc_a-findfp.o)
 .debug_frame   0x0000000000003ad4       0x38 C:/ST/STM32CubeIDE_1.14.0/STM32CubeIDE/plugins/com.st.stm32cube.ide.mcu.externaltools.gnu-tools-for-stm32.11.3.rel1.win32_1.1.100.202309141235/tools/bin/../lib/gcc/arm-none-eabi/11.3.1/../../../../arm-none-eabi/lib/thumb/v7e-m+fp/hard\libc_nano.a(libc_a-reent.o)
 .debug_frame   0x0000000000003b0c       0x20 C:/ST/STM32CubeIDE_1.14.0/STM32CubeIDE/plugins/com.st.stm32cube.ide.mcu.externaltools.gnu-tools-for-stm32.11.3.rel1.win32_1.1.100.202309141235/tools/bin/../lib/gcc/arm-none-eabi/11.3.1/../../../../arm-none-eabi/lib/thumb/v7e-m+fp/hard\libc_nano.a(libc_a-errno.o)
 .debug_frame   0x0000000000003b2c       0x2c C:/ST/STM32CubeIDE_1.14.0/STM32CubeIDE/plugins/com.st.stm32cube.ide.mcu.externaltools.gnu-tools-for-stm32.11.3.rel1.win32_1.1.100.202309141235/tools/bin/../lib/gcc/arm-none-eabi/11.3.1/../../../../arm-none-eabi/lib/thumb/v7e-m+fp/hard\libc_nano.a(libc_a-init.o)
 .debug_frame   0x0000000000003b58       0x2c C:/ST/STM32CubeIDE_1.14.0/STM32CubeIDE/plugins/com.st.stm32cube.ide.mcu.externaltools.gnu-tools-for-stm32.11.3.rel1.win32_1.1.100.202309141235/tools/bin/../lib/gcc/arm-none-eabi/11.3.1/thumb/v7e-m+fp/hard\libgcc.a(_aeabi_uldivmod.o)
 .debug_frame   0x0000000000003b84       0x34 C:/ST/STM32CubeIDE_1.14.0/STM32CubeIDE/plugins/com.st.stm32cube.ide.mcu.externaltools.gnu-tools-for-stm32.11.3.rel1.win32_1.1.100.202309141235/tools/bin/../lib/gcc/arm-none-eabi/11.3.1/thumb/v7e-m+fp/hard\libgcc.a(_udivmoddi4.o)
 .debug_frame   0x0000000000003bb8      0x2d4 C:/ST/STM32CubeIDE_1.14.0/STM32CubeIDE/plugins/com.st.stm32cube.ide.mcu.externaltools.gnu-tools-for-stm32.11.3.rel1.win32_1.1.100.202309141235/tools/bin/../lib/gcc/arm-none-eabi/11.3.1/thumb/v7e-m+fp/hard\libgcc.a(unwind-arm.o)
 .debug_frame   0x0000000000003e8c      0x104 C:/ST/STM32CubeIDE_1.14.0/STM32CubeIDE/plugins/com.st.stm32cube.ide.mcu.externaltools.gnu-tools-for-stm32.11.3.rel1.win32_1.1.100.202309141235/tools/bin/../lib/gcc/arm-none-eabi/11.3.1/thumb/v7e-m+fp/hard\libgcc.a(pr-support.o)
 .debug_frame   0x0000000000003f90       0x28 C:/ST/STM32CubeIDE_1.14.0/STM32CubeIDE/plugins/com.st.stm32cube.ide.mcu.externaltools.gnu-tools-for-stm32.11.3.rel1.win32_1.1.100.202309141235/tools/bin/../lib/gcc/arm-none-eabi/11.3.1/../../../../arm-none-eabi/lib/thumb/v7e-m+fp/hard\libc_nano.a(libc_a-abort.o)
 .debug_frame   0x0000000000003fb8       0xcc C:/ST/STM32CubeIDE_1.14.0/STM32CubeIDE/plugins/com.st.stm32cube.ide.mcu.externaltools.gnu-tools-for-stm32.11.3.rel1.win32_1.1.100.202309141235/tools/bin/../lib/gcc/arm-none-eabi/11.3.1/../../../../arm-none-eabi/lib/thumb/v7e-m+fp/hard\libc_nano.a(libc_a-signal.o)
 .debug_frame   0x0000000000004084       0x3c C:/ST/STM32CubeIDE_1.14.0/STM32CubeIDE/plugins/com.st.stm32cube.ide.mcu.externaltools.gnu-tools-for-stm32.11.3.rel1.win32_1.1.100.202309141235/tools/bin/../lib/gcc/arm-none-eabi/11.3.1/../../../../arm-none-eabi/lib/thumb/v7e-m+fp/hard\libc_nano.a(libc_a-signalr.o)
 .debug_frame   0x00000000000040c0       0x28 C:/ST/STM32CubeIDE_1.14.0/STM32CubeIDE/plugins/com.st.stm32cube.ide.mcu.externaltools.gnu-tools-for-stm32.11.3.rel1.win32_1.1.100.202309141235/tools/bin/../lib/gcc/arm-none-eabi/11.3.1/../../../../arm-none-eabi/lib/thumb/v7e-m+fp/hard\libc_nano.a(libc_a-memcpy-stub.o)

.debug_line_str
                0x0000000000000000       0x86
 .debug_line_str
                0x0000000000000000       0x86 ./Example/Startup/startup_stm32f469nihx.o
                                         0x9e (size before relaxing)
